This is pdfTeX, Version 3.141592653-2.6-1.40.27 (TeX Live 2025) (preloaded format=pdflatex 2025.12.8)  8 JUL 2026 14:11
entering extended mode
 restricted \write18 enabled.
 file:line:error style messages enabled.
 %&-line parsing enabled.
**"/Users/etiennechevrolat/Desktop/Ecole_polytechnique/STAGE 2026/Aldoria/ssa-analysis/caractérisation_manoeuvres/manoeuvres.tex"
(/Users/etiennechevrolat/Desktop/Ecole_polytechnique/STAGE 2026/Aldoria/ssa-analysis/caractérisation_manoeuvres/manoeuvres.tex
LaTeX2e <2024-11-01> patch level 2
L3 programming layer <2025-01-18>
(/usr/local/texlive/2025/texmf-dist/tex/latex/base/article.cls
Document Class: article 2024/06/29 v1.4n Standard LaTeX document class
(/usr/local/texlive/2025/texmf-dist/tex/latex/base/size10.clo
File: size10.clo 2024/06/29 v1.4n Standard LaTeX file (size option)
)
\c@part=\count196
\c@section=\count197
\c@subsection=\count198
\c@subsubsection=\count199
\c@paragraph=\count266
\c@subparagraph=\count267
\c@figure=\count268
\c@table=\count269
\abovecaptionskip=\skip49
\belowcaptionskip=\skip50
\bibindent=\dimen141
) (/usr/local/texlive/2025/texmf-dist/tex/latex/base/inputenc.sty
Package: inputenc 2024/02/08 v1.3d Input encoding file
\inpenc@prehook=\toks17
\inpenc@posthook=\toks18
) (/usr/local/texlive/2025/texmf-dist/tex/latex/base/fontenc.sty
Package: fontenc 2021/04/29 v2.0v Standard LaTeX package
) (/usr/local/texlive/2025/texmf-dist/tex/latex/lm/lmodern.sty
Package: lmodern 2015/05/01 v1.6.1 Latin Modern Fonts
LaTeX Font Info:    Overwriting symbol font `operators' in version `normal'
(Font)                  OT1/cmr/m/n --> OT1/lmr/m/n on input line 22.
LaTeX Font Info:    Overwriting symbol font `letters' in version `normal'
(Font)                  OML/cmm/m/it --> OML/lmm/m/it on input line 23.
LaTeX Font Info:    Overwriting symbol font `symbols' in version `normal'
(Font)                  OMS/cmsy/m/n --> OMS/lmsy/m/n on input line 24.
LaTeX Font Info:    Overwriting symbol font `largesymbols' in version `normal'
(Font)                  OMX/cmex/m/n --> OMX/lmex/m/n on input line 25.
LaTeX Font Info:    Overwriting symbol font `operators' in version `bold'
(Font)                  OT1/cmr/bx/n --> OT1/lmr/bx/n on input line 26.
LaTeX Font Info:    Overwriting symbol font `letters' in version `bold'
(Font)                  OML/cmm/b/it --> OML/lmm/b/it on input line 27.
LaTeX Font Info:    Overwriting symbol font `symbols' in version `bold'
(Font)                  OMS/cmsy/b/n --> OMS/lmsy/b/n on input line 28.
LaTeX Font Info:    Overwriting symbol font `largesymbols' in version `bold'
(Font)                  OMX/cmex/m/n --> OMX/lmex/m/n on input line 29.
LaTeX Font Info:    Overwriting math alphabet `\mathbf' in version `normal'
(Font)                  OT1/cmr/bx/n --> OT1/lmr/bx/n on input line 31.
LaTeX Font Info:    Overwriting math alphabet `\mathsf' in version `normal'
(Font)                  OT1/cmss/m/n --> OT1/lmss/m/n on input line 32.
LaTeX Font Info:    Overwriting math alphabet `\mathit' in version `normal'
(Font)                  OT1/cmr/m/it --> OT1/lmr/m/it on input line 33.
LaTeX Font Info:    Overwriting math alphabet `\mathtt' in version `normal'
(Font)                  OT1/cmtt/m/n --> OT1/lmtt/m/n on input line 34.
LaTeX Font Info:    Overwriting math alphabet `\mathbf' in version `bold'
(Font)                  OT1/cmr/bx/n --> OT1/lmr/bx/n on input line 35.
LaTeX Font Info:    Overwriting math alphabet `\mathsf' in version `bold'
(Font)                  OT1/cmss/bx/n --> OT1/lmss/bx/n on input line 36.
LaTeX Font Info:    Overwriting math alphabet `\mathit' in version `bold'
(Font)                  OT1/cmr/bx/it --> OT1/lmr/bx/it on input line 37.
LaTeX Font Info:    Overwriting math alphabet `\mathtt' in version `bold'
(Font)                  OT1/cmtt/m/n --> OT1/lmtt/m/n on input line 38.
) (/usr/local/texlive/2025/texmf-dist/tex/latex/amsmath/amsmath.sty
Package: amsmath 2024/11/05 v2.17t AMS math features
\@mathmargin=\skip51

For additional information on amsmath, use the `?' option.
(/usr/local/texlive/2025/texmf-dist/tex/latex/amsmath/amstext.sty
Package: amstext 2021/08/26 v2.01 AMS text
 (/usr/local/texlive/2025/texmf-dist/tex/latex/amsmath/amsgen.sty
File: amsgen.sty 1999/11/30 v2.0 generic functions
\@emptytoks=\toks19
\ex@=\dimen142
)) (/usr/local/texlive/2025/texmf-dist/tex/latex/amsmath/amsbsy.sty
Package: amsbsy 1999/11/29 v1.2d Bold Symbols
\pmbraise@=\dimen143
) (/usr/local/texlive/2025/texmf-dist/tex/latex/amsmath/amsopn.sty
Package: amsopn 2022/04/08 v2.04 operator names
)
\inf@bad=\count270
LaTeX Info: Redefining \frac on input line 233.
\uproot@=\count271
\leftroot@=\count272
LaTeX Info: Redefining \overline on input line 398.
LaTeX Info: Redefining \colon on input line 409.
\classnum@=\count273
\DOTSCASE@=\count274
LaTeX Info: Redefining \ldots on input line 495.
LaTeX Info: Redefining \dots on input line 498.
LaTeX Info: Redefining \cdots on input line 619.
\Mathstrutbox@=\box52
\strutbox@=\box53
LaTeX Info: Redefining \big on input line 721.
LaTeX Info: Redefining \Big on input line 722.
LaTeX Info: Redefining \bigg on input line 723.
LaTeX Info: Redefining \Bigg on input line 724.
\big@size=\dimen144
LaTeX Font Info:    Redeclaring font encoding OML on input line 742.
LaTeX Font Info:    Redeclaring font encoding OMS on input line 743.
\macc@depth=\count275
LaTeX Info: Redefining \bmod on input line 904.
LaTeX Info: Redefining \pmod on input line 909.
LaTeX Info: Redefining \smash on input line 939.
LaTeX Info: Redefining \relbar on input line 969.
LaTeX Info: Redefining \Relbar on input line 970.
\c@MaxMatrixCols=\count276
\dotsspace@=\muskip17
\c@parentequation=\count277
\dspbrk@lvl=\count278
\tag@help=\toks20
\row@=\count279
\column@=\count280
\maxfields@=\count281
\andhelp@=\toks21
\eqnshift@=\dimen145
\alignsep@=\dimen146
\tagshift@=\dimen147
\tagwidth@=\dimen148
\totwidth@=\dimen149
\lineht@=\dimen150
\@envbody=\toks22
\multlinegap=\skip52
\multlinetaggap=\skip53
\mathdisplay@stack=\toks23
LaTeX Info: Redefining \[ on input line 2953.
LaTeX Info: Redefining \] on input line 2954.
) (/usr/local/texlive/2025/texmf-dist/tex/latex/amsfonts/amssymb.sty
Package: amssymb 2013/01/14 v3.01 AMS font symbols
 (/usr/local/texlive/2025/texmf-dist/tex/latex/amsfonts/amsfonts.sty
Package: amsfonts 2013/01/14 v3.01 Basic AMSFonts support
\symAMSa=\mathgroup4
\symAMSb=\mathgroup5
LaTeX Font Info:    Redeclaring math symbol \hbar on input line 98.
LaTeX Font Info:    Overwriting math alphabet `\mathfrak' in version `bold'
(Font)                  U/euf/m/n --> U/euf/b/n on input line 106.
)) (/usr/local/texlive/2025/texmf-dist/tex/latex/amscls/amsthm.sty
Package: amsthm 2020/05/29 v2.20.6
\thm@style=\toks24
\thm@bodyfont=\toks25
\thm@headfont=\toks26
\thm@notefont=\toks27
\thm@headpunct=\toks28
\thm@preskip=\skip54
\thm@postskip=\skip55
\thm@headsep=\skip56
\dth@everypar=\toks29
) (/usr/local/texlive/2025/texmf-dist/tex/latex/stmaryrd/stmaryrd.sty
Package: stmaryrd 1994/03/03 St Mary's Road symbol package
\symstmry=\mathgroup6
LaTeX Font Info:    Overwriting symbol font `stmry' in version `bold'
(Font)                  U/stmry/m/n --> U/stmry/b/n on input line 89.
) (/usr/local/texlive/2025/texmf-dist/tex/latex/pgf/frontendlayer/tikz.sty (/usr/local/texlive/2025/texmf-dist/tex/latex/pgf/basiclayer/pgf.sty (/usr/local/texlive/2025/texmf-dist/tex/latex/pgf/utilities/pgfrcs.sty (/usr/local/texlive/2025/texmf-dist/tex/generic/pgf/utilities/pgfutil-common.tex
\pgfutil@everybye=\toks30
\pgfutil@tempdima=\dimen151
\pgfutil@tempdimb=\dimen152
) (/usr/local/texlive/2025/texmf-dist/tex/generic/pgf/utilities/pgfutil-latex.def
\pgfutil@abb=\box54
) (/usr/local/texlive/2025/texmf-dist/tex/generic/pgf/utilities/pgfrcs.code.tex (/usr/local/texlive/2025/texmf-dist/tex/generic/pgf/pgf.revision.tex)
Package: pgfrcs 2023-01-15 v3.1.10 (3.1.10)
))
Package: pgf 2023-01-15 v3.1.10 (3.1.10)
 (/usr/local/texlive/2025/texmf-dist/tex/latex/pgf/basiclayer/pgfcore.sty (/usr/local/texlive/2025/texmf-dist/tex/latex/graphics/graphicx.sty
Package: graphicx 2021/09/16 v1.2d Enhanced LaTeX Graphics (DPC,SPQR)
 (/usr/local/texlive/2025/texmf-dist/tex/latex/graphics/keyval.sty
Package: keyval 2022/05/29 v1.15 key=value parser (DPC)
\KV@toks@=\toks31
) (/usr/local/texlive/2025/texmf-dist/tex/latex/graphics/graphics.sty
Package: graphics 2024/08/06 v1.4g Standard LaTeX Graphics (DPC,SPQR)
 (/usr/local/texlive/2025/texmf-dist/tex/latex/graphics/trig.sty
Package: trig 2023/12/02 v1.11 sin cos tan (DPC)
) (/usr/local/texlive/2025/texmf-dist/tex/latex/graphics-cfg/graphics.cfg
File: graphics.cfg 2016/06/04 v1.11 sample graphics configuration
)
Package graphics Info: Driver file: pdftex.def on input line 106.
 (/usr/local/texlive/2025/texmf-dist/tex/latex/graphics-def/pdftex.def
File: pdftex.def 2024/04/13 v1.2c Graphics/color driver for pdftex
))
\Gin@req@height=\dimen153
\Gin@req@width=\dimen154
) (/usr/local/texlive/2025/texmf-dist/tex/latex/pgf/systemlayer/pgfsys.sty (/usr/local/texlive/2025/texmf-dist/tex/generic/pgf/systemlayer/pgfsys.code.tex
Package: pgfsys 2023-01-15 v3.1.10 (3.1.10)
 (/usr/local/texlive/2025/texmf-dist/tex/generic/pgf/utilities/pgfkeys.code.tex
\pgfkeys@pathtoks=\toks32
\pgfkeys@temptoks=\toks33
 (/usr/local/texlive/2025/texmf-dist/tex/generic/pgf/utilities/pgfkeyslibraryfiltered.code.tex
\pgfkeys@tmptoks=\toks34
))
\pgf@x=\dimen155
\pgf@y=\dimen156
\pgf@xa=\dimen157
\pgf@ya=\dimen158
\pgf@xb=\dimen159
\pgf@yb=\dimen160
\pgf@xc=\dimen161
\pgf@yc=\dimen162
\pgf@xd=\dimen163
\pgf@yd=\dimen164
\w@pgf@writea=\write3
\r@pgf@reada=\read2
\c@pgf@counta=\count282
\c@pgf@countb=\count283
\c@pgf@countc=\count284
\c@pgf@countd=\count285
\t@pgf@toka=\toks35
\t@pgf@tokb=\toks36
\t@pgf@tokc=\toks37
\pgf@sys@id@count=\count286
 (/usr/local/texlive/2025/texmf-dist/tex/generic/pgf/systemlayer/pgf.cfg
File: pgf.cfg 2023-01-15 v3.1.10 (3.1.10)
)
Driver file for pgf: pgfsys-pdftex.def
 (/usr/local/texlive/2025/texmf-dist/tex/generic/pgf/systemlayer/pgfsys-pdftex.def
File: pgfsys-pdftex.def 2023-01-15 v3.1.10 (3.1.10)
 (/usr/local/texlive/2025/texmf-dist/tex/generic/pgf/systemlayer/pgfsys-common-pdf.def
File: pgfsys-common-pdf.def 2023-01-15 v3.1.10 (3.1.10)
))) (/usr/local/texlive/2025/texmf-dist/tex/generic/pgf/systemlayer/pgfsyssoftpath.code.tex
File: pgfsyssoftpath.code.tex 2023-01-15 v3.1.10 (3.1.10)
\pgfsyssoftpath@smallbuffer@items=\count287
\pgfsyssoftpath@bigbuffer@items=\count288
) (/usr/local/texlive/2025/texmf-dist/tex/generic/pgf/systemlayer/pgfsysprotocol.code.tex
File: pgfsysprotocol.code.tex 2023-01-15 v3.1.10 (3.1.10)
)) (/usr/local/texlive/2025/texmf-dist/tex/latex/xcolor/xcolor.sty
Package: xcolor 2024/09/29 v3.02 LaTeX color extensions (UK)
 (/usr/local/texlive/2025/texmf-dist/tex/latex/graphics-cfg/color.cfg
File: color.cfg 2016/01/02 v1.6 sample color configuration
)
Package xcolor Info: Driver file: pdftex.def on input line 274.
 (/usr/local/texlive/2025/texmf-dist/tex/latex/graphics/mathcolor.ltx)
Package xcolor Info: Model `cmy' substituted by `cmy0' on input line 1349.
Package xcolor Info: Model `hsb' substituted by `rgb' on input line 1353.
Package xcolor Info: Model `RGB' extended on input line 1365.
Package xcolor Info: Model `HTML' substituted by `rgb' on input line 1367.
Package xcolor Info: Model `Hsb' substituted by `hsb' on input line 1368.
Package xcolor Info: Model `tHsb' substituted by `hsb' on input line 1369.
Package xcolor Info: Model `HSB' substituted by `hsb' on input line 1370.
Package xcolor Info: Model `Gray' substituted by `gray' on input line 1371.
Package xcolor Info: Model `wave' substituted by `hsb' on input line 1372.
) (/usr/local/texlive/2025/texmf-dist/tex/generic/pgf/basiclayer/pgfcore.code.tex
Package: pgfcore 2023-01-15 v3.1.10 (3.1.10)
 (/usr/local/texlive/2025/texmf-dist/tex/generic/pgf/math/pgfmath.code.tex (/usr/local/texlive/2025/texmf-dist/tex/generic/pgf/math/pgfmathutil.code.tex) (/usr/local/texlive/2025/texmf-dist/tex/generic/pgf/math/pgfmathparser.code.tex
\pgfmath@dimen=\dimen165
\pgfmath@count=\count289
\pgfmath@box=\box55
\pgfmath@toks=\toks38
\pgfmath@stack@operand=\toks39
\pgfmath@stack@operation=\toks40
) (/usr/local/texlive/2025/texmf-dist/tex/generic/pgf/math/pgfmathfunctions.code.tex) (/usr/local/texlive/2025/texmf-dist/tex/generic/pgf/math/pgfmathfunctions.basic.code.tex) (/usr/local/texlive/2025/texmf-dist/tex/generic/pgf/math/pgfmathfunctions.trigonometric.code.tex) (/usr/local/texlive/2025/texmf-dist/tex/generic/pgf/math/pgfmathfunctions.random.code.tex) (/usr/local/texlive/2025/texmf-dist/tex/generic/pgf/math/pgfmathfunctions.comparison.code.tex) (/usr/local/texlive/2025/texmf-dist/tex/generic/pgf/math/pgfmathfunctions.base.code.tex) (/usr/local/texlive/2025/texmf-dist/tex/generic/pgf/math/pgfmathfunctions.round.code.tex) (/usr/local/texlive/2025/texmf-dist/tex/generic/pgf/math/pgfmathfunctions.misc.code.tex) (/usr/local/texlive/2025/texmf-dist/tex/generic/pgf/math/pgfmathfunctions.integerarithmetics.code.tex) (/usr/local/texlive/2025/texmf-dist/tex/generic/pgf/math/pgfmathcalc.code.tex) (/usr/local/texlive/2025/texmf-dist/tex/generic/pgf/math/pgfmathfloat.code.tex
\c@pgfmathroundto@lastzeros=\count290
)) (/usr/local/texlive/2025/texmf-dist/tex/generic/pgf/math/pgfint.code.tex) (/usr/local/texlive/2025/texmf-dist/tex/generic/pgf/basiclayer/pgfcorepoints.code.tex
File: pgfcorepoints.code.tex 2023-01-15 v3.1.10 (3.1.10)
\pgf@picminx=\dimen166
\pgf@picmaxx=\dimen167
\pgf@picminy=\dimen168
\pgf@picmaxy=\dimen169
\pgf@pathminx=\dimen170
\pgf@pathmaxx=\dimen171
\pgf@pathminy=\dimen172
\pgf@pathmaxy=\dimen173
\pgf@xx=\dimen174
\pgf@xy=\dimen175
\pgf@yx=\dimen176
\pgf@yy=\dimen177
\pgf@zx=\dimen178
\pgf@zy=\dimen179
) (/usr/local/texlive/2025/texmf-dist/tex/generic/pgf/basiclayer/pgfcorepathconstruct.code.tex
File: pgfcorepathconstruct.code.tex 2023-01-15 v3.1.10 (3.1.10)
\pgf@path@lastx=\dimen180
\pgf@path@lasty=\dimen181
) (/usr/local/texlive/2025/texmf-dist/tex/generic/pgf/basiclayer/pgfcorepathusage.code.tex
File: pgfcorepathusage.code.tex 2023-01-15 v3.1.10 (3.1.10)
\pgf@shorten@end@additional=\dimen182
\pgf@shorten@start@additional=\dimen183
) (/usr/local/texlive/2025/texmf-dist/tex/generic/pgf/basiclayer/pgfcorescopes.code.tex
File: pgfcorescopes.code.tex 2023-01-15 v3.1.10 (3.1.10)
\pgfpic=\box56
\pgf@hbox=\box57
\pgf@layerbox@main=\box58
\pgf@picture@serial@count=\count291
) (/usr/local/texlive/2025/texmf-dist/tex/generic/pgf/basiclayer/pgfcoregraphicstate.code.tex
File: pgfcoregraphicstate.code.tex 2023-01-15 v3.1.10 (3.1.10)
\pgflinewidth=\dimen184
) (/usr/local/texlive/2025/texmf-dist/tex/generic/pgf/basiclayer/pgfcoretransformations.code.tex
File: pgfcoretransformations.code.tex 2023-01-15 v3.1.10 (3.1.10)
\pgf@pt@x=\dimen185
\pgf@pt@y=\dimen186
\pgf@pt@temp=\dimen187
) (/usr/local/texlive/2025/texmf-dist/tex/generic/pgf/basiclayer/pgfcorequick.code.tex
File: pgfcorequick.code.tex 2023-01-15 v3.1.10 (3.1.10)
) (/usr/local/texlive/2025/texmf-dist/tex/generic/pgf/basiclayer/pgfcoreobjects.code.tex
File: pgfcoreobjects.code.tex 2023-01-15 v3.1.10 (3.1.10)
) (/usr/local/texlive/2025/texmf-dist/tex/generic/pgf/basiclayer/pgfcorepathprocessing.code.tex
File: pgfcorepathprocessing.code.tex 2023-01-15 v3.1.10 (3.1.10)
) (/usr/local/texlive/2025/texmf-dist/tex/generic/pgf/basiclayer/pgfcorearrows.code.tex
File: pgfcorearrows.code.tex 2023-01-15 v3.1.10 (3.1.10)
\pgfarrowsep=\dimen188
) (/usr/local/texlive/2025/texmf-dist/tex/generic/pgf/basiclayer/pgfcoreshade.code.tex
File: pgfcoreshade.code.tex 2023-01-15 v3.1.10 (3.1.10)
\pgf@max=\dimen189
\pgf@sys@shading@range@num=\count292
\pgf@shadingcount=\count293
) (/usr/local/texlive/2025/texmf-dist/tex/generic/pgf/basiclayer/pgfcoreimage.code.tex
File: pgfcoreimage.code.tex 2023-01-15 v3.1.10 (3.1.10)
) (/usr/local/texlive/2025/texmf-dist/tex/generic/pgf/basiclayer/pgfcoreexternal.code.tex
File: pgfcoreexternal.code.tex 2023-01-15 v3.1.10 (3.1.10)
\pgfexternal@startupbox=\box59
) (/usr/local/texlive/2025/texmf-dist/tex/generic/pgf/basiclayer/pgfcorelayers.code.tex
File: pgfcorelayers.code.tex 2023-01-15 v3.1.10 (3.1.10)
) (/usr/local/texlive/2025/texmf-dist/tex/generic/pgf/basiclayer/pgfcoretransparency.code.tex
File: pgfcoretransparency.code.tex 2023-01-15 v3.1.10 (3.1.10)
) (/usr/local/texlive/2025/texmf-dist/tex/generic/pgf/basiclayer/pgfcorepatterns.code.tex
File: pgfcorepatterns.code.tex 2023-01-15 v3.1.10 (3.1.10)
) (/usr/local/texlive/2025/texmf-dist/tex/generic/pgf/basiclayer/pgfcorerdf.code.tex
File: pgfcorerdf.code.tex 2023-01-15 v3.1.10 (3.1.10)
))) (/usr/local/texlive/2025/texmf-dist/tex/generic/pgf/modules/pgfmoduleshapes.code.tex
File: pgfmoduleshapes.code.tex 2023-01-15 v3.1.10 (3.1.10)
\pgfnodeparttextbox=\box60
) (/usr/local/texlive/2025/texmf-dist/tex/generic/pgf/modules/pgfmoduleplot.code.tex
File: pgfmoduleplot.code.tex 2023-01-15 v3.1.10 (3.1.10)
) (/usr/local/texlive/2025/texmf-dist/tex/latex/pgf/compatibility/pgfcomp-version-0-65.sty
Package: pgfcomp-version-0-65 2023-01-15 v3.1.10 (3.1.10)
\pgf@nodesepstart=\dimen190
\pgf@nodesepend=\dimen191
) (/usr/local/texlive/2025/texmf-dist/tex/latex/pgf/compatibility/pgfcomp-version-1-18.sty
Package: pgfcomp-version-1-18 2023-01-15 v3.1.10 (3.1.10)
)) (/usr/local/texlive/2025/texmf-dist/tex/latex/pgf/utilities/pgffor.sty (/usr/local/texlive/2025/texmf-dist/tex/latex/pgf/utilities/pgfkeys.sty (/usr/local/texlive/2025/texmf-dist/tex/generic/pgf/utilities/pgfkeys.code.tex)) (/usr/local/texlive/2025/texmf-dist/tex/latex/pgf/math/pgfmath.sty (/usr/local/texlive/2025/texmf-dist/tex/generic/pgf/math/pgfmath.code.tex)) (/usr/local/texlive/2025/texmf-dist/tex/generic/pgf/utilities/pgffor.code.tex
Package: pgffor 2023-01-15 v3.1.10 (3.1.10)
\pgffor@iter=\dimen192
\pgffor@skip=\dimen193
\pgffor@stack=\toks41
\pgffor@toks=\toks42
)) (/usr/local/texlive/2025/texmf-dist/tex/generic/pgf/frontendlayer/tikz/tikz.code.tex
Package: tikz 2023-01-15 v3.1.10 (3.1.10)
 (/usr/local/texlive/2025/texmf-dist/tex/generic/pgf/libraries/pgflibraryplothandlers.code.tex
File: pgflibraryplothandlers.code.tex 2023-01-15 v3.1.10 (3.1.10)
\pgf@plot@mark@count=\count294
\pgfplotmarksize=\dimen194
)
\tikz@lastx=\dimen195
\tikz@lasty=\dimen196
\tikz@lastxsaved=\dimen197
\tikz@lastysaved=\dimen198
\tikz@lastmovetox=\dimen199
\tikz@lastmovetoy=\dimen256
\tikzleveldistance=\dimen257
\tikzsiblingdistance=\dimen258
\tikz@figbox=\box61
\tikz@figbox@bg=\box62
\tikz@tempbox=\box63
\tikz@tempbox@bg=\box64
\tikztreelevel=\count295
\tikznumberofchildren=\count296
\tikznumberofcurrentchild=\count297
\tikz@fig@count=\count298
 (/usr/local/texlive/2025/texmf-dist/tex/generic/pgf/modules/pgfmodulematrix.code.tex
File: pgfmodulematrix.code.tex 2023-01-15 v3.1.10 (3.1.10)
\pgfmatrixcurrentrow=\count299
\pgfmatrixcurrentcolumn=\count300
\pgf@matrix@numberofcolumns=\count301
)
\tikz@expandcount=\count302
 (/usr/local/texlive/2025/texmf-dist/tex/generic/pgf/frontendlayer/tikz/libraries/tikzlibrarytopaths.code.tex
File: tikzlibrarytopaths.code.tex 2023-01-15 v3.1.10 (3.1.10)
))) (/usr/local/texlive/2025/texmf-dist/tex/generic/pgf/frontendlayer/tikz/libraries/tikzlibrarymatrix.code.tex
File: tikzlibrarymatrix.code.tex 2023-01-15 v3.1.10 (3.1.10)
) (/usr/local/texlive/2025/texmf-dist/tex/generic/pgf/frontendlayer/tikz/libraries/tikzlibraryarrows.code.tex
File: tikzlibraryarrows.code.tex 2023-01-15 v3.1.10 (3.1.10)
 (/usr/local/texlive/2025/texmf-dist/tex/generic/pgf/libraries/pgflibraryarrows.code.tex
File: pgflibraryarrows.code.tex 2023-01-15 v3.1.10 (3.1.10)
\arrowsize=\dimen259
)) (/usr/local/texlive/2025/texmf-dist/tex/latex/tikz-cd/tikz-cd.sty
Package: tikz-cd 2021/05/04 v1.0 Commutative diagrams with TikZ
 (/usr/local/texlive/2025/texmf-dist/tex/generic/tikz-cd/tikzlibrarycd.code.tex (/usr/local/texlive/2025/texmf-dist/tex/generic/pgf/frontendlayer/tikz/libraries/tikzlibraryquotes.code.tex
File: tikzlibraryquotes.code.tex 2023-01-15 v3.1.10 (3.1.10)
) (/usr/local/texlive/2025/texmf-dist/tex/generic/pgf/libraries/pgflibraryarrows.meta.code.tex
File: pgflibraryarrows.meta.code.tex 2023-01-15 v3.1.10 (3.1.10)
\pgfarrowinset=\dimen260
\pgfarrowlength=\dimen261
\pgfarrowwidth=\dimen262
\pgfarrowlinewidth=\dimen263
))) (/usr/local/texlive/2025/texmf-dist/tex/latex/geometry/geometry.sty
Package: geometry 2020/01/02 v5.9 Page Geometry
 (/usr/local/texlive/2025/texmf-dist/tex/generic/iftex/ifvtex.sty
Package: ifvtex 2019/10/25 v1.7 ifvtex legacy package. Use iftex instead.
 (/usr/local/texlive/2025/texmf-dist/tex/generic/iftex/iftex.sty
Package: iftex 2024/12/12 v1.0g TeX engine tests
))
\Gm@cnth=\count303
\Gm@cntv=\count304
\c@Gm@tempcnt=\count305
\Gm@bindingoffset=\dimen264
\Gm@wd@mp=\dimen265
\Gm@odd@mp=\dimen266
\Gm@even@mp=\dimen267
\Gm@layoutwidth=\dimen268
\Gm@layoutheight=\dimen269
\Gm@layouthoffset=\dimen270
\Gm@layoutvoffset=\dimen271
\Gm@dimlist=\toks43
) (/usr/local/texlive/2025/texmf-dist/tex/generic/babel/babel.sty
Package: babel 2025/02/14 v25.4 The multilingual framework for pdfLaTeX, LuaLaTeX and XeLaTeX
\babel@savecnt=\count306
\U@D=\dimen272
\l@unhyphenated=\language90
 (/usr/local/texlive/2025/texmf-dist/tex/generic/babel/txtbabel.def)
\bbl@readstream=\read3
\bbl@dirlevel=\count307
 (/usr/local/texlive/2025/texmf-dist/tex/generic/babel-french/french.ldf
Language: french 2024-07-25 v3.6c French support from the babel system
Package babel Info: Hyphen rules for 'acadian' set to \l@french
(babel)             (\language30). Reported on input line 91.
Package babel Info: Hyphen rules for 'canadien' set to \l@french
(babel)             (\language30). Reported on input line 92.
\FB@stdchar=\count308
Package babel Info: Making : an active character on input line 421.
Package babel Info: Making ; an active character on input line 422.
Package babel Info: Making ! an active character on input line 423.
Package babel Info: Making ? an active character on input line 424.
\FBguill@level=\count309
\FBold@everypar=\toks44
\FB@Mht=\dimen273
\mc@charclass=\count310
\mc@charfam=\count311
\mc@charslot=\count312
\std@mcc=\count313
\dec@mcc=\count314
\FB@parskip=\dimen274
\listindentFB=\dimen275
\descindentFB=\dimen276
\labelindentFB=\dimen277
\labelwidthFB=\dimen278
\leftmarginFB=\dimen279
\parindentFFN=\dimen280
\FBfnindent=\dimen281
)) (/usr/local/texlive/2025/texmf-dist/tex/generic/babel/locale/fr/babel-french.tex
Package babel Info: Importing font and identification data for french
(babel)             from babel-fr.ini. Reported on input line 11.
) (/usr/local/texlive/2025/texmf-dist/tex/latex/carlisle/scalefnt.sty)
LaTeX Font Info:    Trying to load font information for T1+lmr on input line 21.
 (/usr/local/texlive/2025/texmf-dist/tex/latex/lm/t1lmr.fd
File: t1lmr.fd 2015/05/01 v1.6.1 Font defs for Latin Modern
) (/usr/local/texlive/2025/texmf-dist/tex/latex/l3backend/l3backend-pdftex.def
File: l3backend-pdftex.def 2024-05-08 L3 backend support: PDF output (pdfTeX)
\l__color_backend_stack_int=\count315
\l__pdf_internal_box=\box65
) (/Users/etiennechevrolat/Desktop/Ecole_polytechnique/STAGE 2026/Aldoria/ssa-analysis/caractérisation_manoeuvres/manoeuvres.aux)
\openout1 = `manoeuvres.aux'.

LaTeX Font Info:    Checking defaults for OML/cmm/m/it on input line 21.
LaTeX Font Info:    ... okay on input line 21.
LaTeX Font Info:    Checking defaults for OMS/cmsy/m/n on input line 21.
LaTeX Font Info:    ... okay on input line 21.
LaTeX Font Info:    Checking defaults for OT1/cmr/m/n on input line 21.
LaTeX Font Info:    ... okay on input line 21.
LaTeX Font Info:    Checking defaults for T1/cmr/m/n on input line 21.
LaTeX Font Info:    ... okay on input line 21.
LaTeX Font Info:    Checking defaults for TS1/cmr/m/n on input line 21.
LaTeX Font Info:    ... okay on input line 21.
LaTeX Font Info:    Checking defaults for OMX/cmex/m/n on input line 21.
LaTeX Font Info:    ... okay on input line 21.
LaTeX Font Info:    Checking defaults for U/cmr/m/n on input line 21.
LaTeX Font Info:    ... okay on input line 21.
 (/usr/local/texlive/2025/texmf-dist/tex/context/base/mkii/supp-pdf.mkii
[Loading MPS to PDF converter (version 2006.09.02).]
\scratchcounter=\count316
\scratchdimen=\dimen282
\scratchbox=\box66
\nofMPsegments=\count317
\nofMParguments=\count318
\everyMPshowfont=\toks45
\MPscratchCnt=\count319
\MPscratchDim=\dimen283
\MPnumerator=\count320
\makeMPintoPDFobject=\count321
\everyMPtoPDFconversion=\toks46
) (/usr/local/texlive/2025/texmf-dist/tex/latex/epstopdf-pkg/epstopdf-base.sty
Package: epstopdf-base 2020-01-24 v2.11 Base part for package epstopdf
Package epstopdf-base Info: Redefining graphics rule for `.eps' on input line 485.
 (/usr/local/texlive/2025/texmf-dist/tex/latex/latexconfig/epstopdf-sys.cfg
File: epstopdf-sys.cfg 2010/07/13 v1.3 Configuration of (r)epstopdf for TeX Live
))
*geometry* driver: auto-detecting
*geometry* detected driver: pdftex
*geometry* verbose mode - [ preamble ] result:
* driver: pdftex
* paper: <default>
* layout: <same size as paper>
* layoutoffset:(h,v)=(0.0pt,0.0pt)
* modes: 
* h-part:(L,W,R)=(92.14519pt, 430.00462pt, 92.14519pt)
* v-part:(T,H,B)=(95.39737pt, 556.47656pt, 143.09605pt)
* \paperwidth=614.295pt
* \paperheight=794.96999pt
* \textwidth=430.00462pt
* \textheight=556.47656pt
* \oddsidemargin=19.8752pt
* \evensidemargin=19.8752pt
* \topmargin=-13.87262pt
* \headheight=12.0pt
* \headsep=25.0pt
* \topskip=10.0pt
* \footskip=30.0pt
* \marginparwidth=65.0pt
* \marginparsep=11.0pt
* \columnsep=10.0pt
* \skip\footins=9.0pt plus 4.0pt minus 2.0pt
* \hoffset=0.0pt
* \voffset=0.0pt
* \mag=1000
* \@twocolumnfalse
* \@twosidefalse
* \@mparswitchfalse
* \@reversemarginfalse
* (1in=72.27pt=25.4mm, 1cm=28.453pt)

LaTeX Info: Redefining \degres on input line 21.
LaTeX Info: Redefining \up on input line 21.
LaTeX Font Info:    Trying to load font information for OT1+lmr on input line 23.
(/usr/local/texlive/2025/texmf-dist/tex/latex/lm/ot1lmr.fd
File: ot1lmr.fd 2015/05/01 v1.6.1 Font defs for Latin Modern
)
LaTeX Font Info:    Trying to load font information for OML+lmm on input line 23.
 (/usr/local/texlive/2025/texmf-dist/tex/latex/lm/omllmm.fd
File: omllmm.fd 2015/05/01 v1.6.1 Font defs for Latin Modern
)
LaTeX Font Info:    Trying to load font information for OMS+lmsy on input line 23.
 (/usr/local/texlive/2025/texmf-dist/tex/latex/lm/omslmsy.fd
File: omslmsy.fd 2015/05/01 v1.6.1 Font defs for Latin Modern
)
LaTeX Font Info:    Trying to load font information for OMX+lmex on input line 23.
 (/usr/local/texlive/2025/texmf-dist/tex/latex/lm/omxlmex.fd
File: omxlmex.fd 2015/05/01 v1.6.1 Font defs for Latin Modern
)
LaTeX Font Info:    External font `lmex10' loaded for size
(Font)              <12> on input line 23.
LaTeX Font Info:    External font `lmex10' loaded for size
(Font)              <8> on input line 23.
LaTeX Font Info:    External font `lmex10' loaded for size
(Font)              <6> on input line 23.
LaTeX Font Info:    Trying to load font information for U+msa on input line 23.
 (/usr/local/texlive/2025/texmf-dist/tex/latex/amsfonts/umsa.fd
File: umsa.fd 2013/01/14 v3.01 AMS symbols A
)
LaTeX Font Info:    Trying to load font information for U+msb on input line 23.
 (/usr/local/texlive/2025/texmf-dist/tex/latex/amsfonts/umsb.fd
File: umsb.fd 2013/01/14 v3.01 AMS symbols B
)
LaTeX Font Info:    Trying to load font information for U+stmry on input line 23.
 (/usr/local/texlive/2025/texmf-dist/tex/latex/stmaryrd/Ustmry.fd)
LaTeX Font Info:    External font `lmex10' loaded for size
(Font)              <10> on input line 52.
LaTeX Font Info:    External font `lmex10' loaded for size
(Font)              <7> on input line 52.
LaTeX Font Info:    External font `lmex10' loaded for size
(Font)              <5> on input line 52.

Overfull \hbox (1.53137pt too wide) in paragraph at lines 38--54
[]
 []


Overfull \hbox (4.8647pt too wide) in paragraph at lines 59--75
[]
 []



[1

{/usr/local/texlive/2025/texmf-var/fonts/map/pdftex/updmap/pdftex.map}{/usr/local/texlive/2025/texmf-dist/fonts/enc/dvips/lm/lm-ec.enc}{/usr/local/texlive/2025/texmf-dist/fonts/enc/dvips/lm/lm-mathit.enc}{/usr/local/texlive/2025/texmf-dist/fonts/enc/dvips/lm/lm-rm.enc}]
Overfull \hbox (1.53137pt too wide) in paragraph at lines 86--100
[]
 []



[2{/usr/local/texlive/2025/texmf-dist/fonts/enc/dvips/lm/lm-mathsy.enc}]
<Capture d’écran 2026-07-01 à 14.41.14.png, id=26, 1273.75874pt x 343.2825pt>
File: Capture d’écran 2026-07-01 à 14.41.14.png Graphic file (type png)
<use Capture d’écran 2026-07-01 à 14.41.14.png>
Package pdftex.def Info: Capture d’écran 2026-07-01 à 14.41.14.png  used on input line 147.
(pdftex.def)             Requested size: 382.13057pt x 102.98553pt.


[3 </Users/etiennechevrolat/Desktop/Ecole_polytechnique/STAGE 2026/Aldoria/ssa-analysis/caractérisation_manoeuvres/Capture d’écran 2026-07-01 à 14.41.14.png>]
<Capture d’écran 2026-07-01 à 14.41.03.png, id=32, 591.20876pt x 298.11375pt>
File: Capture d’écran 2026-07-01 à 14.41.03.png Graphic file (type png)
<use Capture d’écran 2026-07-01 à 14.41.03.png>
Package pdftex.def Info: Capture d’écran 2026-07-01 à 14.41.03.png  used on input line 154.
(pdftex.def)             Requested size: 413.8433pt x 208.67819pt.
<Capture d’écran 2026-07-01 à 14.41.33.png, id=33, 506.89375pt x 364.36125pt>
File: Capture d’écran 2026-07-01 à 14.41.33.png Graphic file (type png)
<use Capture d’écran 2026-07-01 à 14.41.33.png>
Package pdftex.def Info: Capture d’écran 2026-07-01 à 14.41.33.png  used on input line 160.
(pdftex.def)             Requested size: 202.7539pt x 145.74191pt.


[4 </Users/etiennechevrolat/Desktop/Ecole_polytechnique/STAGE 2026/Aldoria/ssa-analysis/caractérisation_manoeuvres/Capture d’écran 2026-07-01 à 14.41.03.png> </Users/etiennechevrolat/Desktop/Ecole_polytechnique/STAGE 2026/Aldoria/ssa-analysis/caractérisation_manoeuvres/Capture d’écran 2026-07-01 à 14.41.33.png>]
<norad_43226_sma_and_maneuvers copy.png, id=39, 861.9402pt x 288.1164pt>
File: norad_43226_sma_and_maneuvers copy.png Graphic file (type png)
<use norad_43226_sma_and_maneuvers copy.png>
Package pdftex.def Info: norad_43226_sma_and_maneuvers copy.png  used on input line 181.
(pdftex.def)             Requested size: 430.96904pt x 144.05783pt.
<norad_43226_methods.png, id=40, 858.5676pt x 711.1368pt>
File: norad_43226_methods.png Graphic file (type png)
<use norad_43226_methods.png>
Package pdftex.def Info: norad_43226_methods.png  used on input line 182.
(pdftex.def)             Requested size: 343.42094pt x 284.44968pt.

Overfull \hbox (0.96442pt too wide) in paragraph at lines 181--183
 [] 
 []

<norad_66142_sma_and_maneuvers copy.png, id=41, 861.9402pt x 288.1164pt>
File: norad_66142_sma_and_maneuvers copy.png Graphic file (type png)
<use norad_66142_sma_and_maneuvers copy.png>
Package pdftex.def Info: norad_66142_sma_and_maneuvers copy.png  used on input line 186.
(pdftex.def)             Requested size: 430.96904pt x 144.05783pt.
<norad_66142_methods.png, id=42, 858.5676pt x 711.1368pt>
File: norad_66142_methods.png Graphic file (type png)
<use norad_66142_methods.png>
Package pdftex.def Info: norad_66142_methods.png  used on input line 187.
(pdftex.def)             Requested size: 343.42094pt x 284.44968pt.

Overfull \hbox (0.96442pt too wide) in paragraph at lines 186--188
 [] 
 []



[5 </Users/etiennechevrolat/Desktop/Ecole_polytechnique/STAGE 2026/Aldoria/ssa-analysis/caractérisation_manoeuvres/norad_43226_sma_and_maneuvers copy.png> </Users/etiennechevrolat/Desktop/Ecole_polytechnique/STAGE 2026/Aldoria/ssa-analysis/caractérisation_manoeuvres/norad_43226_methods.png>]

[6 </Users/etiennechevrolat/Desktop/Ecole_polytechnique/STAGE 2026/Aldoria/ssa-analysis/caractérisation_manoeuvres/norad_66142_sma_and_maneuvers copy.png> </Users/etiennechevrolat/Desktop/Ecole_polytechnique/STAGE 2026/Aldoria/ssa-analysis/caractérisation_manoeuvres/norad_66142_methods.png>]
<s3b_sma.png, id=53, 860.4948pt x 287.6346pt>
File: s3b_sma.png Graphic file (type png)
<use s3b_sma.png>
Package pdftex.def Info: s3b_sma.png  used on input line 229.
(pdftex.def)             Requested size: 206.40038pt x 68.9898pt.
<s3b_eccentricity.png, id=54, 862.422pt x 287.6346pt>
File: s3b_eccentricity.png Graphic file (type png)
<use s3b_eccentricity.png>
Package pdftex.def Info: s3b_eccentricity.png  used on input line 230.
(pdftex.def)             Requested size: 206.40038pt x 68.8362pt.
<s3b_inclination.png, id=55, 861.9402pt x 287.6346pt>
File: s3b_inclination.png Graphic file (type png)
<use s3b_inclination.png>
Package pdftex.def Info: s3b_inclination.png  used on input line 231.
(pdftex.def)             Requested size: 206.40038pt x 68.8757pt.
<s3b_raan.png, id=56, 860.9766pt x 287.6346pt>
File: s3b_raan.png Graphic file (type png)
<use s3b_raan.png>
Package pdftex.def Info: s3b_raan.png  used on input line 232.
(pdftex.def)             Requested size: 206.40038pt x 68.95032pt.
<s3b_arg_perigee.png, id=57, 860.013pt x 287.6346pt>
File: s3b_arg_perigee.png Graphic file (type png)
<use s3b_arg_perigee.png>
Package pdftex.def Info: s3b_arg_perigee.png  used on input line 233.
(pdftex.def)             Requested size: 206.40038pt x 69.02931pt.
<s3b_mean_anomaly.png, id=58, 860.013pt x 287.6346pt>
File: s3b_mean_anomaly.png Graphic file (type png)
<use s3b_mean_anomaly.png>
Package pdftex.def Info: s3b_mean_anomaly.png  used on input line 234.
(pdftex.def)             Requested size: 206.40038pt x 69.02931pt.
<s3b_mean_motion.png, id=59, 860.9766pt x 287.6346pt>
File: s3b_mean_motion.png Graphic file (type png)
<use s3b_mean_motion.png>
Package pdftex.def Info: s3b_mean_motion.png  used on input line 235.
(pdftex.def)             Requested size: 206.40038pt x 68.95032pt.


[7]
<en1_sma.png, id=64, 861.4584pt x 287.6346pt>
File: en1_sma.png Graphic file (type png)
<use en1_sma.png>
Package pdftex.def Info: en1_sma.png  used on input line 241.
(pdftex.def)             Requested size: 206.40038pt x 68.9152pt.
<en1_eccentricity.png, id=65, 862.9038pt x 287.6346pt>
File: en1_eccentricity.png Graphic file (type png)
<use en1_eccentricity.png>
Package pdftex.def Info: en1_eccentricity.png  used on input line 242.
(pdftex.def)             Requested size: 206.40038pt x 68.7967pt.
<en1_inclination.png, id=66, 860.9766pt x 287.6346pt>
File: en1_inclination.png Graphic file (type png)
<use en1_inclination.png>
Package pdftex.def Info: en1_inclination.png  used on input line 243.
(pdftex.def)             Requested size: 206.40038pt x 68.95032pt.
<en1_raan.png, id=67, 860.9766pt x 287.6346pt>
File: en1_raan.png Graphic file (type png)
<use en1_raan.png>
Package pdftex.def Info: en1_raan.png  used on input line 244.
(pdftex.def)             Requested size: 206.40038pt x 68.95032pt.
<en1_arg_perigee.png, id=68, 860.013pt x 287.6346pt>
File: en1_arg_perigee.png Graphic file (type png)
<use en1_arg_perigee.png>
Package pdftex.def Info: en1_arg_perigee.png  used on input line 245.
(pdftex.def)             Requested size: 206.40038pt x 69.02931pt.
<en1_mean_anomaly.png, id=69, 860.013pt x 287.6346pt>
File: en1_mean_anomaly.png Graphic file (type png)
<use en1_mean_anomaly.png>
Package pdftex.def Info: en1_mean_anomaly.png  used on input line 246.
(pdftex.def)             Requested size: 206.40038pt x 69.02931pt.
<en1_mean_motion.png, id=70, 860.9766pt x 287.6346pt>
File: en1_mean_motion.png Graphic file (type png)
<use en1_mean_motion.png>
Package pdftex.def Info: en1_mean_motion.png  used on input line 247.
(pdftex.def)             Requested size: 206.40038pt x 68.95032pt.


[8 </Users/etiennechevrolat/Desktop/Ecole_polytechnique/STAGE 2026/Aldoria/ssa-analysis/caractérisation_manoeuvres/s3b_sma.png> </Users/etiennechevrolat/Desktop/Ecole_polytechnique/STAGE 2026/Aldoria/ssa-analysis/caractérisation_manoeuvres/s3b_eccentricity.png> </Users/etiennechevrolat/Desktop/Ecole_polytechnique/STAGE 2026/Aldoria/ssa-analysis/caractérisation_manoeuvres/s3b_inclination.png> </Users/etiennechevrolat/Desktop/Ecole_polytechnique/STAGE 2026/Aldoria/ssa-analysis/caractérisation_manoeuvres/s3b_raan.png> </Users/etiennechevrolat/Desktop/Ecole_polytechnique/STAGE 2026/Aldoria/ssa-analysis/caractérisation_manoeuvres/s3b_arg_perigee.png> </Users/etiennechevrolat/Desktop/Ecole_polytechnique/STAGE 2026/Aldoria/ssa-analysis/caractérisation_manoeuvres/s3b_mean_anomaly.png> </Users/etiennechevrolat/Desktop/Ecole_polytechnique/STAGE 2026/Aldoria/ssa-analysis/caractérisation_manoeuvres/s3b_mean_motion.png> </Users/etiennechevrolat/Desktop/Ecole_polytechnique/STAGE 2026/Aldoria/ssa-analysis/caractérisation_manoeuvres/en1_sma.png> </Users/etiennechevrolat/Desktop/Ecole_polytechnique/STAGE 2026/Aldoria/ssa-analysis/caractérisation_manoeuvres/en1_eccentricity.png> </Users/etiennechevrolat/Desktop/Ecole_polytechnique/STAGE 2026/Aldoria/ssa-analysis/caractérisation_manoeuvres/en1_inclination.png> </Users/etiennechevrolat/Desktop/Ecole_polytechnique/STAGE 2026/Aldoria/ssa-analysis/caractérisation_manoeuvres/en1_raan.png> </Users/etiennechevrolat/Desktop/Ecole_polytechnique/STAGE 2026/Aldoria/ssa-analysis/caractérisation_manoeuvres/en1_arg_perigee.png> </Users/etiennechevrolat/Desktop/Ecole_polytechnique/STAGE 2026/Aldoria/ssa-analysis/caractérisation_manoeuvres/en1_mean_anomaly.png>]
<cs2_sma.png, id=87, 861.9402pt x 287.6346pt>
File: cs2_sma.png Graphic file (type png)
<use cs2_sma.png>
Package pdftex.def Info: cs2_sma.png  used on input line 253.
(pdftex.def)             Requested size: 206.40038pt x 68.8757pt.
<cs2_eccentricity.png, id=88, 862.9038pt x 287.6346pt>
File: cs2_eccentricity.png Graphic file (type png)
<use cs2_eccentricity.png>
Package pdftex.def Info: cs2_eccentricity.png  used on input line 254.
(pdftex.def)             Requested size: 206.40038pt x 68.7967pt.
<cs2_inclination.png, id=89, 861.9402pt x 287.6346pt>
File: cs2_inclination.png Graphic file (type png)
<use cs2_inclination.png>
Package pdftex.def Info: cs2_inclination.png  used on input line 255.
(pdftex.def)             Requested size: 206.40038pt x 68.8757pt.
<cs2_raan.png, id=90, 860.9766pt x 287.6346pt>
File: cs2_raan.png Graphic file (type png)
<use cs2_raan.png>
Package pdftex.def Info: cs2_raan.png  used on input line 256.
(pdftex.def)             Requested size: 206.40038pt x 68.95032pt.
<cs2_arg_perigee.png, id=91, 860.013pt x 287.6346pt>
File: cs2_arg_perigee.png Graphic file (type png)
<use cs2_arg_perigee.png>
Package pdftex.def Info: cs2_arg_perigee.png  used on input line 257.
(pdftex.def)             Requested size: 206.40038pt x 69.02931pt.
<cs2_mean_anomaly.png, id=92, 860.013pt x 287.6346pt>
File: cs2_mean_anomaly.png Graphic file (type png)
<use cs2_mean_anomaly.png>
Package pdftex.def Info: cs2_mean_anomaly.png  used on input line 258.
(pdftex.def)             Requested size: 206.40038pt x 69.02931pt.
<cs2_mean_motion.png, id=93, 861.9402pt x 287.6346pt>
File: cs2_mean_motion.png Graphic file (type png)
<use cs2_mean_motion.png>
Package pdftex.def Info: cs2_mean_motion.png  used on input line 259.
(pdftex.def)             Requested size: 206.40038pt x 68.8757pt.
<srl_sma.png, id=94, 861.4584pt x 287.6346pt>
File: srl_sma.png Graphic file (type png)
<use srl_sma.png>
Package pdftex.def Info: srl_sma.png  used on input line 265.
(pdftex.def)             Requested size: 206.40038pt x 68.9152pt.
<srl_eccentricity.png, id=95, 862.9038pt x 287.6346pt>
File: srl_eccentricity.png Graphic file (type png)
<use srl_eccentricity.png>
Package pdftex.def Info: srl_eccentricity.png  used on input line 266.
(pdftex.def)             Requested size: 206.40038pt x 68.7967pt.
<srl_inclination.png, id=96, 861.9402pt x 287.6346pt>
File: srl_inclination.png Graphic file (type png)
<use srl_inclination.png>
Package pdftex.def Info: srl_inclination.png  used on input line 267.
(pdftex.def)             Requested size: 206.40038pt x 68.8757pt.
<srl_raan.png, id=97, 860.9766pt x 287.6346pt>
File: srl_raan.png Graphic file (type png)
<use srl_raan.png>
Package pdftex.def Info: srl_raan.png  used on input line 268.
(pdftex.def)             Requested size: 206.40038pt x 68.95032pt.
<srl_arg_perigee.png, id=98, 860.013pt x 287.6346pt>
File: srl_arg_perigee.png Graphic file (type png)
<use srl_arg_perigee.png>
Package pdftex.def Info: srl_arg_perigee.png  used on input line 269.
(pdftex.def)             Requested size: 206.40038pt x 69.02931pt.
<srl_mean_anomaly.png, id=99, 860.013pt x 287.6346pt>
File: srl_mean_anomaly.png Graphic file (type png)
<use srl_mean_anomaly.png>
Package pdftex.def Info: srl_mean_anomaly.png  used on input line 270.
(pdftex.def)             Requested size: 206.40038pt x 69.02931pt.
<srl_mean_motion.png, id=100, 861.4584pt x 287.6346pt>
File: srl_mean_motion.png Graphic file (type png)
<use srl_mean_motion.png>
Package pdftex.def Info: srl_mean_motion.png  used on input line 271.
(pdftex.def)             Requested size: 206.40038pt x 68.9152pt.


[9 </Users/etiennechevrolat/Desktop/Ecole_polytechnique/STAGE 2026/Aldoria/ssa-analysis/caractérisation_manoeuvres/en1_mean_motion.png> </Users/etiennechevrolat/Desktop/Ecole_polytechnique/STAGE 2026/Aldoria/ssa-analysis/caractérisation_manoeuvres/cs2_sma.png> </Users/etiennechevrolat/Desktop/Ecole_polytechnique/STAGE 2026/Aldoria/ssa-analysis/caractérisation_manoeuvres/cs2_eccentricity.png> </Users/etiennechevrolat/Desktop/Ecole_polytechnique/STAGE 2026/Aldoria/ssa-analysis/caractérisation_manoeuvres/cs2_inclination.png> </Users/etiennechevrolat/Desktop/Ecole_polytechnique/STAGE 2026/Aldoria/ssa-analysis/caractérisation_manoeuvres/cs2_raan.png> </Users/etiennechevrolat/Desktop/Ecole_polytechnique/STAGE 2026/Aldoria/ssa-analysis/caractérisation_manoeuvres/cs2_arg_perigee.png> </Users/etiennechevrolat/Desktop/Ecole_polytechnique/STAGE 2026/Aldoria/ssa-analysis/caractérisation_manoeuvres/cs2_mean_anomaly.png> </Users/etiennechevrolat/Desktop/Ecole_polytechnique/STAGE 2026/Aldoria/ssa-analysis/caractérisation_manoeuvres/cs2_mean_motion.png>]
<cs2_delta_a_kalman_vs_theorique.png, id=112, 738.1176pt x 380.622pt>
File: cs2_delta_a_kalman_vs_theorique.png Graphic file (type png)
<use cs2_delta_a_kalman_vs_theorique.png>
Package pdftex.def Info: cs2_delta_a_kalman_vs_theorique.png  used on input line 287.
(pdftex.def)             Requested size: 365.50655pt x 188.48105pt.


[10 </Users/etiennechevrolat/Desktop/Ecole_polytechnique/STAGE 2026/Aldoria/ssa-analysis/caractérisation_manoeuvres/srl_sma.png> </Users/etiennechevrolat/Desktop/Ecole_polytechnique/STAGE 2026/Aldoria/ssa-analysis/caractérisation_manoeuvres/srl_eccentricity.png> </Users/etiennechevrolat/Desktop/Ecole_polytechnique/STAGE 2026/Aldoria/ssa-analysis/caractérisation_manoeuvres/srl_inclination.png> </Users/etiennechevrolat/Desktop/Ecole_polytechnique/STAGE 2026/Aldoria/ssa-analysis/caractérisation_manoeuvres/srl_raan.png> </Users/etiennechevrolat/Desktop/Ecole_polytechnique/STAGE 2026/Aldoria/ssa-analysis/caractérisation_manoeuvres/srl_arg_perigee.png> </Users/etiennechevrolat/Desktop/Ecole_polytechnique/STAGE 2026/Aldoria/ssa-analysis/caractérisation_manoeuvres/srl_mean_anomaly.png> </Users/etiennechevrolat/Desktop/Ecole_polytechnique/STAGE 2026/Aldoria/ssa-analysis/caractérisation_manoeuvres/srl_mean_motion.png>]
<s3b_delta_a_kalman_vs_theorique.png, id=124, 724.1454pt x 380.622pt>
File: s3b_delta_a_kalman_vs_theorique.png Graphic file (type png)
<use s3b_delta_a_kalman_vs_theorique.png>
Package pdftex.def Info: s3b_delta_a_kalman_vs_theorique.png  used on input line 290.
(pdftex.def)             Requested size: 365.50655pt x 192.11674pt.
<cs2_dv_composantes.png, id=125, 738.1176pt x 380.1402pt>
File: cs2_dv_composantes.png Graphic file (type png)
<use cs2_dv_composantes.png>
Package pdftex.def Info: cs2_dv_composantes.png  used on input line 303.
(pdftex.def)             Requested size: 365.50655pt x 188.24248pt.


[11 </Users/etiennechevrolat/Desktop/Ecole_polytechnique/STAGE 2026/Aldoria/ssa-analysis/caractérisation_manoeuvres/cs2_delta_a_kalman_vs_theorique.png> </Users/etiennechevrolat/Desktop/Ecole_polytechnique/STAGE 2026/Aldoria/ssa-analysis/caractérisation_manoeuvres/s3b_delta_a_kalman_vs_theorique.png>]
<s3b_dv_composantes.png, id=131, 722.2182pt x 380.1402pt>
File: s3b_dv_composantes.png Graphic file (type png)
<use s3b_dv_composantes.png>
Package pdftex.def Info: s3b_dv_composantes.png  used on input line 306.
(pdftex.def)             Requested size: 365.50655pt x 192.3898pt.
LaTeX Font Info:    Trying to load font information for TS1+lmr on input line 321.
 (/usr/local/texlive/2025/texmf-dist/tex/latex/lm/ts1lmr.fd
File: ts1lmr.fd 2015/05/01 v1.6.1 Font defs for Latin Modern
)

[12 </Users/etiennechevrolat/Desktop/Ecole_polytechnique/STAGE 2026/Aldoria/ssa-analysis/caractérisation_manoeuvres/cs2_dv_composantes.png> </Users/etiennechevrolat/Desktop/Ecole_polytechnique/STAGE 2026/Aldoria/ssa-analysis/caractérisation_manoeuvres/s3b_dv_composantes.png>]
<s3b_delta_i_kalman_vs_theorique.png, id=137, 740.0448pt x 603.2136pt>
File: s3b_delta_i_kalman_vs_theorique.png Graphic file (type png)
<use s3b_delta_i_kalman_vs_theorique.png>
Package pdftex.def Info: s3b_delta_i_kalman_vs_theorique.png  used on input line 338.
(pdftex.def)             Requested size: 365.50655pt x 297.92433pt.


[13{/usr/local/texlive/2025/texmf-dist/fonts/enc/dvips/lm/lm-ts1.enc}{/usr/local/texlive/2025/texmf-dist/fonts/enc/dvips/lm/lm-mathex.enc} </Users/etiennechevrolat/Desktop/Ecole_polytechnique/STAGE 2026/Aldoria/ssa-analysis/caractérisation_manoeuvres/s3b_delta_i_kalman_vs_theorique.png>] (/Users/etiennechevrolat/Desktop/Ecole_polytechnique/STAGE 2026/Aldoria/ssa-analysis/caractérisation_manoeuvres/manoeuvres.aux)
 ***********
LaTeX2e <2024-11-01> patch level 2
L3 programming layer <2025-01-18>
 ***********
 ) 
Here is how much of TeX's memory you used:
 17940 strings out of 473190
 370074 string characters out of 5715800
 735327 words of memory out of 5000000
 40859 multiletter control sequences out of 15000+600000
 622703 words of font info for 87 fonts, out of 8000000 for 9000
 1141 hyphenation exceptions out of 8191
 102i,7n,107p,535b,428s stack positions out of 10000i,1000n,20000p,200000b,200000s
</usr/local/texlive/2025/texmf-dist/fonts/type1/public/lm/lmbx10.pfb></usr/local/texlive/2025/texmf-dist/fonts/type1/public/lm/lmbx12.pfb></usr/local/texlive/2025/texmf-dist/fonts/type1/public/lm/lmbx9.pfb></usr/local/texlive/2025/texmf-dist/fonts/type1/public/lm/lmex10.pfb></usr/local/texlive/2025/texmf-dist/fonts/type1/public/lm/lmmi10.pfb></usr/local/texlive/2025/texmf-dist/fonts/type1/public/lm/lmmi7.pfb></usr/local/texlive/2025/texmf-dist/fonts/type1/public/lm/lmr10.pfb></usr/local/texlive/2025/texmf-dist/fonts/type1/public/lm/lmr12.pfb></usr/local/texlive/2025/texmf-dist/fonts/type1/public/lm/lmr17.pfb></usr/local/texlive/2025/texmf-dist/fonts/type1/public/lm/lmr5.pfb></usr/local/texlive/2025/texmf-dist/fonts/type1/public/lm/lmr7.pfb></usr/local/texlive/2025/texmf-dist/fonts/type1/public/lm/lmr9.pfb></usr/local/texlive/2025/texmf-dist/fonts/type1/public/lm/lmri10.pfb></usr/local/texlive/2025/texmf-dist/fonts/type1/public/lm/lmsy10.pfb></usr/local/texlive/2025/texmf-dist/fonts/type1/public/lm/lmsy7.pfb>
Output written on "/Users/etiennechevrolat/Desktop/Ecole_polytechnique/STAGE 2026/Aldoria/ssa-analysis/caractérisation_manoeuvres/manoeuvres.pdf" (13 pages, 4029307 bytes).
PDF statistics:
 221 PDF objects out of 1000 (max. 8388607)
 92 compressed objects within 1 object stream
 0 named destinations out of 1000 (max. 500000)
 213 words of extra memory for PDF output out of 10000 (max. 10000000)

