This is pdfTeX, Version 3.141592653-2.6-1.40.28 (TeX Live 2025/Debian) (preloaded format=pdflatex 2026.7.13)  27 JUL 2026 11:33
entering extended mode
 restricted \write18 enabled.
 file:line:error style messages enabled.
 %&-line parsing enabled.
**/home/echevrolat/Documents/dev/ssa-analysis/rapport/rapport_draft.tex
(/home/echevrolat/Documents/dev/ssa-analysis/rapport/rapport_draft.tex
LaTeX2e <2025-11-01>
L3 programming layer <2026-01-19>
(/usr/share/texlive/texmf-dist/tex/latex/base/article.cls
Document Class: article 2025/01/22 v1.4n Standard LaTeX document class
(/usr/share/texlive/texmf-dist/tex/latex/base/size10.clo
File: size10.clo 2025/01/22 v1.4n Standard LaTeX file (size option)
)
\c@part=\count275
\c@section=\count276
\c@subsection=\count277
\c@subsubsection=\count278
\c@paragraph=\count279
\c@subparagraph=\count280
\c@figure=\count281
\c@table=\count282
\abovecaptionskip=\skip49
\belowcaptionskip=\skip50
\bibindent=\dimen148
) (/usr/share/texlive/texmf-dist/tex/latex/base/inputenc.sty
Package: inputenc 2024/02/08 v1.3d Input encoding file
\inpenc@prehook=\toks17
\inpenc@posthook=\toks18
) (/usr/share/texlive/texmf-dist/tex/latex/base/fontenc.sty
Package: fontenc 2025/07/18 v2.1d Standard LaTeX package
) (/usr/share/texmf/tex/latex/lm/lmodern.sty
Package: lmodern 2015/05/01 v1.6.1 Latin Modern Fonts
LaTeX Font Info:    Overwriting symbol font `operators' in version `normal'
(Font)                  OT1/cmr/m/n --> OT1/lmr/m/n on input line 22.
LaTeX Font Info:    Overwriting symbol font `letters' in version `normal'
(Font)                  OML/cmm/m/it --> OML/lmm/m/it on input line 23.
LaTeX Font Info:    Overwriting symbol font `symbols' in version `normal'
(Font)                  OMS/cmsy/m/n --> OMS/lmsy/m/n on input line 24.
LaTeX Font Info:    Overwriting symbol font `largesymbols' in version `normal'
(Font)                  OMX/cmex/m/n --> OMX/lmex/m/n on input line 25.
LaTeX Font Info:    Overwriting symbol font `operators' in version `bold'
(Font)                  OT1/cmr/bx/n --> OT1/lmr/bx/n on input line 26.
LaTeX Font Info:    Overwriting symbol font `letters' in version `bold'
(Font)                  OML/cmm/b/it --> OML/lmm/b/it on input line 27.
LaTeX Font Info:    Overwriting symbol font `symbols' in version `bold'
(Font)                  OMS/cmsy/b/n --> OMS/lmsy/b/n on input line 28.
LaTeX Font Info:    Overwriting symbol font `largesymbols' in version `bold'
(Font)                  OMX/cmex/m/n --> OMX/lmex/m/n on input line 29.
LaTeX Font Info:    Overwriting math alphabet `\mathbf' in version `normal'
(Font)                  OT1/cmr/bx/n --> OT1/lmr/bx/n on input line 31.
LaTeX Font Info:    Overwriting math alphabet `\mathsf' in version `normal'
(Font)                  OT1/cmss/m/n --> OT1/lmss/m/n on input line 32.
LaTeX Font Info:    Overwriting math alphabet `\mathit' in version `normal'
(Font)                  OT1/cmr/m/it --> OT1/lmr/m/it on input line 33.
LaTeX Font Info:    Overwriting math alphabet `\mathtt' in version `normal'
(Font)                  OT1/cmtt/m/n --> OT1/lmtt/m/n on input line 34.
LaTeX Font Info:    Overwriting math alphabet `\mathbf' in version `bold'
(Font)                  OT1/cmr/bx/n --> OT1/lmr/bx/n on input line 35.
LaTeX Font Info:    Overwriting math alphabet `\mathsf' in version `bold'
(Font)                  OT1/cmss/bx/n --> OT1/lmss/bx/n on input line 36.
LaTeX Font Info:    Overwriting math alphabet `\mathit' in version `bold'
(Font)                  OT1/cmr/bx/it --> OT1/lmr/bx/it on input line 37.
LaTeX Font Info:    Overwriting math alphabet `\mathtt' in version `bold'
(Font)                  OT1/cmtt/m/n --> OT1/lmtt/m/n on input line 38.
) (/usr/share/texlive/texmf-dist/tex/latex/amsmath/amsmath.sty
Package: amsmath 2025/07/09 v2.17z AMS math features
\@mathmargin=\skip51

For additional information on amsmath, use the `?' option.
(/usr/share/texlive/texmf-dist/tex/latex/amsmath/amstext.sty
Package: amstext 2024/11/17 v2.01 AMS text
 (/usr/share/texlive/texmf-dist/tex/latex/amsmath/amsgen.sty
File: amsgen.sty 1999/11/30 v2.0 generic functions
\@emptytoks=\toks19
\ex@=\dimen149
)) (/usr/share/texlive/texmf-dist/tex/latex/amsmath/amsbsy.sty
Package: amsbsy 1999/11/29 v1.2d Bold Symbols
\pmbraise@=\dimen150
) (/usr/share/texlive/texmf-dist/tex/latex/amsmath/amsopn.sty
Package: amsopn 2022/04/08 v2.04 operator names
)
\inf@bad=\count283
LaTeX Info: Redefining \frac on input line 233.
\uproot@=\count284
\leftroot@=\count285
LaTeX Info: Redefining \overline on input line 398.
LaTeX Info: Redefining \colon on input line 409.
\classnum@=\count286
\DOTSCASE@=\count287
LaTeX Info: Redefining \ldots on input line 495.
LaTeX Info: Redefining \dots on input line 498.
LaTeX Info: Redefining \cdots on input line 619.
\Mathstrutbox@=\box53
\strutbox@=\box54
LaTeX Info: Redefining \big on input line 721.
LaTeX Info: Redefining \Big on input line 722.
LaTeX Info: Redefining \bigg on input line 723.
LaTeX Info: Redefining \Bigg on input line 724.
\big@size=\dimen151
LaTeX Font Info:    Redeclaring font encoding OML on input line 742.
LaTeX Font Info:    Redeclaring font encoding OMS on input line 743.
\macc@depth=\count288
LaTeX Info: Redefining \bmod on input line 904.
LaTeX Info: Redefining \pmod on input line 909.
LaTeX Info: Redefining \smash on input line 939.
LaTeX Info: Redefining \relbar on input line 969.
LaTeX Info: Redefining \Relbar on input line 970.
\c@MaxMatrixCols=\count289
\dotsspace@=\muskip17
\c@parentequation=\count290
\dspbrk@lvl=\count291
\tag@help=\toks20
\row@=\count292
\column@=\count293
\maxfields@=\count294
\andhelp@=\toks21
\eqnshift@=\dimen152
\alignsep@=\dimen153
\tagshift@=\dimen154
\tagwidth@=\dimen155
\totwidth@=\dimen156
\lineht@=\dimen157
\@envbody=\toks22
\multlinegap=\skip52
\multlinetaggap=\skip53
\mathdisplay@stack=\toks23
LaTeX Info: Redefining \[ on input line 2950.
LaTeX Info: Redefining \] on input line 2951.
) (/usr/share/texlive/texmf-dist/tex/latex/amsfonts/amssymb.sty
Package: amssymb 2013/01/14 v3.01 AMS font symbols
 (/usr/share/texlive/texmf-dist/tex/latex/amsfonts/amsfonts.sty
Package: amsfonts 2013/01/14 v3.01 Basic AMSFonts support
\symAMSa=\mathgroup4
\symAMSb=\mathgroup5
LaTeX Font Info:    Redeclaring math symbol \hbar on input line 98.
LaTeX Font Info:    Overwriting math alphabet `\mathfrak' in version `bold'
(Font)                  U/euf/m/n --> U/euf/b/n on input line 106.
)) (/usr/share/texlive/texmf-dist/tex/latex/amscls/amsthm.sty
Package: amsthm 2020/05/29 v2.20.6
\thm@style=\toks24
\thm@bodyfont=\toks25
\thm@headfont=\toks26
\thm@notefont=\toks27
\thm@headpunct=\toks28
\thm@preskip=\skip54
\thm@postskip=\skip55
\thm@headsep=\skip56
\dth@everypar=\toks29
) (/usr/share/texlive/texmf-dist/tex/latex/stmaryrd/stmaryrd.sty
Package: stmaryrd 1994/03/03 St Mary's Road symbol package
\symstmry=\mathgroup6
LaTeX Font Info:    Overwriting symbol font `stmry' in version `bold'
(Font)                  U/stmry/m/n --> U/stmry/b/n on input line 89.
) (/usr/share/texlive/texmf-dist/tex/latex/pgf/frontendlayer/tikz.sty (/usr/share/texlive/texmf-dist/tex/latex/pgf/basiclayer/pgf.sty (/usr/share/texlive/texmf-dist/tex/latex/pgf/utilities/pgfrcs.sty (/usr/share/texlive/texmf-dist/tex/generic/pgf/utilities/pgfutil-common.tex
\pgfutil@everybye=\toks30
\pgfutil@tempdima=\dimen158
\pgfutil@tempdimb=\dimen159
) (/usr/share/texlive/texmf-dist/tex/generic/pgf/utilities/pgfutil-latex.def
\pgfutil@abb=\box55
) (/usr/share/texlive/texmf-dist/tex/generic/pgf/utilities/pgfrcs.code.tex (/usr/share/texlive/texmf-dist/tex/generic/pgf/pgf.revision.tex)
Package: pgfrcs 2025-08-29 v3.1.11a (3.1.11a)
))
Package: pgf 2025-08-29 v3.1.11a (3.1.11a)
 (/usr/share/texlive/texmf-dist/tex/latex/pgf/basiclayer/pgfcore.sty (/usr/share/texlive/texmf-dist/tex/latex/graphics/graphicx.sty
Package: graphicx 2024/12/31 v1.2e Enhanced LaTeX Graphics (DPC,SPQR)
 (/usr/share/texlive/texmf-dist/tex/latex/graphics/keyval.sty
Package: keyval 2022/05/29 v1.15 key=value parser (DPC)
\KV@toks@=\toks31
) (/usr/share/texlive/texmf-dist/tex/latex/graphics/graphics.sty
Package: graphics 2024/08/06 v1.4g Standard LaTeX Graphics (DPC,SPQR)
 (/usr/share/texlive/texmf-dist/tex/latex/graphics/trig.sty
Package: trig 2023/12/02 v1.11 sin cos tan (DPC)
) (/usr/share/texlive/texmf-dist/tex/latex/graphics-cfg/graphics.cfg
File: graphics.cfg 2016/06/04 v1.11 sample graphics configuration
)
Package graphics Info: Driver file: pdftex.def on input line 106.
 (/usr/share/texlive/texmf-dist/tex/latex/graphics-def/pdftex.def
File: pdftex.def 2025/09/29 v1.2d Graphics/color driver for pdftex
))
\Gin@req@height=\dimen160
\Gin@req@width=\dimen161
) (/usr/share/texlive/texmf-dist/tex/latex/pgf/systemlayer/pgfsys.sty (/usr/share/texlive/texmf-dist/tex/generic/pgf/systemlayer/pgfsys.code.tex
Package: pgfsys 2025-08-29 v3.1.11a (3.1.11a)
 (/usr/share/texlive/texmf-dist/tex/generic/pgf/utilities/pgfkeys.code.tex
\pgfkeys@pathtoks=\toks32
\pgfkeys@temptoks=\toks33
 (/usr/share/texlive/texmf-dist/tex/generic/pgf/utilities/pgfkeyslibraryfiltered.code.tex
\pgfkeys@tmptoks=\toks34
))
\pgf@x=\dimen162
\pgf@y=\dimen163
\pgf@xa=\dimen164
\pgf@ya=\dimen165
\pgf@xb=\dimen166
\pgf@yb=\dimen167
\pgf@xc=\dimen168
\pgf@yc=\dimen169
\pgf@xd=\dimen170
\pgf@yd=\dimen171
\w@pgf@writea=\write3
\r@pgf@reada=\read2
\c@pgf@counta=\count295
\c@pgf@countb=\count296
\c@pgf@countc=\count297
\c@pgf@countd=\count298
\t@pgf@toka=\toks35
\t@pgf@tokb=\toks36
\t@pgf@tokc=\toks37
\pgf@sys@id@count=\count299
 (/usr/share/texlive/texmf-dist/tex/generic/pgf/systemlayer/pgf.cfg
File: pgf.cfg 2025-08-29 v3.1.11a (3.1.11a)
)
Driver file for pgf: pgfsys-pdftex.def
 (/usr/share/texlive/texmf-dist/tex/generic/pgf/systemlayer/pgfsys-pdftex.def
File: pgfsys-pdftex.def 2025-08-29 v3.1.11a (3.1.11a)
 (/usr/share/texlive/texmf-dist/tex/generic/pgf/systemlayer/pgfsys-common-pdf.def
File: pgfsys-common-pdf.def 2025-08-29 v3.1.11a (3.1.11a)
))) (/usr/share/texlive/texmf-dist/tex/generic/pgf/systemlayer/pgfsyssoftpath.code.tex
File: pgfsyssoftpath.code.tex 2025-08-29 v3.1.11a (3.1.11a)
\pgfsyssoftpath@smallbuffer@items=\count300
\pgfsyssoftpath@bigbuffer@items=\count301
) (/usr/share/texlive/texmf-dist/tex/generic/pgf/systemlayer/pgfsysprotocol.code.tex
File: pgfsysprotocol.code.tex 2025-08-29 v3.1.11a (3.1.11a)
)) (/usr/share/texlive/texmf-dist/tex/latex/xcolor/xcolor.sty
Package: xcolor 2024/09/29 v3.02 LaTeX color extensions (UK)
 (/usr/share/texlive/texmf-dist/tex/latex/graphics-cfg/color.cfg
File: color.cfg 2016/01/02 v1.6 sample color configuration
)
Package xcolor Info: Driver file: pdftex.def on input line 274.
 (/usr/share/texlive/texmf-dist/tex/latex/graphics/mathcolor.ltx)
Package xcolor Info: Model `cmy' substituted by `cmy0' on input line 1349.
Package xcolor Info: Model `hsb' substituted by `rgb' on input line 1353.
Package xcolor Info: Model `RGB' extended on input line 1365.
Package xcolor Info: Model `HTML' substituted by `rgb' on input line 1367.
Package xcolor Info: Model `Hsb' substituted by `hsb' on input line 1368.
Package xcolor Info: Model `tHsb' substituted by `hsb' on input line 1369.
Package xcolor Info: Model `HSB' substituted by `hsb' on input line 1370.
Package xcolor Info: Model `Gray' substituted by `gray' on input line 1371.
Package xcolor Info: Model `wave' substituted by `hsb' on input line 1372.
) (/usr/share/texlive/texmf-dist/tex/generic/pgf/basiclayer/pgfcore.code.tex
Package: pgfcore 2025-08-29 v3.1.11a (3.1.11a)
 (/usr/share/texlive/texmf-dist/tex/generic/pgf/math/pgfmath.code.tex (/usr/share/texlive/texmf-dist/tex/generic/pgf/math/pgfmathutil.code.tex) (/usr/share/texlive/texmf-dist/tex/generic/pgf/math/pgfmathparser.code.tex
\pgfmath@dimen=\dimen172
\pgfmath@count=\count302
\pgfmath@box=\box56
\pgfmath@toks=\toks38
\pgfmath@stack@operand=\toks39
\pgfmath@stack@operation=\toks40
) (/usr/share/texlive/texmf-dist/tex/generic/pgf/math/pgfmathfunctions.code.tex) (/usr/share/texlive/texmf-dist/tex/generic/pgf/math/pgfmathfunctions.basic.code.tex) (/usr/share/texlive/texmf-dist/tex/generic/pgf/math/pgfmathfunctions.trigonometric.code.tex) (/usr/share/texlive/texmf-dist/tex/generic/pgf/math/pgfmathfunctions.random.code.tex) (/usr/share/texlive/texmf-dist/tex/generic/pgf/math/pgfmathfunctions.comparison.code.tex) (/usr/share/texlive/texmf-dist/tex/generic/pgf/math/pgfmathfunctions.base.code.tex) (/usr/share/texlive/texmf-dist/tex/generic/pgf/math/pgfmathfunctions.round.code.tex) (/usr/share/texlive/texmf-dist/tex/generic/pgf/math/pgfmathfunctions.misc.code.tex) (/usr/share/texlive/texmf-dist/tex/generic/pgf/math/pgfmathfunctions.integerarithmetics.code.tex) (/usr/share/texlive/texmf-dist/tex/generic/pgf/math/pgfmathcalc.code.tex) (/usr/share/texlive/texmf-dist/tex/generic/pgf/math/pgfmathfloat.code.tex
\c@pgfmathroundto@lastzeros=\count303
)) (/usr/share/texlive/texmf-dist/tex/generic/pgf/math/pgfint.code.tex) (/usr/share/texlive/texmf-dist/tex/generic/pgf/basiclayer/pgfcorepoints.code.tex
File: pgfcorepoints.code.tex 2025-08-29 v3.1.11a (3.1.11a)
\pgf@picminx=\dimen173
\pgf@picmaxx=\dimen174
\pgf@picminy=\dimen175
\pgf@picmaxy=\dimen176
\pgf@pathminx=\dimen177
\pgf@pathmaxx=\dimen178
\pgf@pathminy=\dimen179
\pgf@pathmaxy=\dimen180
\pgf@xx=\dimen181
\pgf@xy=\dimen182
\pgf@yx=\dimen183
\pgf@yy=\dimen184
\pgf@zx=\dimen185
\pgf@zy=\dimen186
) (/usr/share/texlive/texmf-dist/tex/generic/pgf/basiclayer/pgfcorepathconstruct.code.tex
File: pgfcorepathconstruct.code.tex 2025-08-29 v3.1.11a (3.1.11a)
\pgf@path@lastx=\dimen187
\pgf@path@lasty=\dimen188
) (/usr/share/texlive/texmf-dist/tex/generic/pgf/basiclayer/pgfcorepathusage.code.tex
File: pgfcorepathusage.code.tex 2025-08-29 v3.1.11a (3.1.11a)
\pgf@shorten@end@additional=\dimen189
\pgf@shorten@start@additional=\dimen190
) (/usr/share/texlive/texmf-dist/tex/generic/pgf/basiclayer/pgfcorescopes.code.tex
File: pgfcorescopes.code.tex 2025-08-29 v3.1.11a (3.1.11a)
\pgfpic=\box57
\pgf@hbox=\box58
\pgf@layerbox@main=\box59
\pgf@picture@serial@count=\count304
) (/usr/share/texlive/texmf-dist/tex/generic/pgf/basiclayer/pgfcoregraphicstate.code.tex
File: pgfcoregraphicstate.code.tex 2025-08-29 v3.1.11a (3.1.11a)
\pgflinewidth=\dimen191
) (/usr/share/texlive/texmf-dist/tex/generic/pgf/basiclayer/pgfcoretransformations.code.tex
File: pgfcoretransformations.code.tex 2025-08-29 v3.1.11a (3.1.11a)
\pgf@pt@x=\dimen192
\pgf@pt@y=\dimen193
\pgf@pt@temp=\dimen194
) (/usr/share/texlive/texmf-dist/tex/generic/pgf/basiclayer/pgfcorequick.code.tex
File: pgfcorequick.code.tex 2025-08-29 v3.1.11a (3.1.11a)
) (/usr/share/texlive/texmf-dist/tex/generic/pgf/basiclayer/pgfcoreobjects.code.tex
File: pgfcoreobjects.code.tex 2025-08-29 v3.1.11a (3.1.11a)
) (/usr/share/texlive/texmf-dist/tex/generic/pgf/basiclayer/pgfcorepathprocessing.code.tex
File: pgfcorepathprocessing.code.tex 2025-08-29 v3.1.11a (3.1.11a)
) (/usr/share/texlive/texmf-dist/tex/generic/pgf/basiclayer/pgfcorearrows.code.tex
File: pgfcorearrows.code.tex 2025-08-29 v3.1.11a (3.1.11a)
\pgfarrowsep=\dimen195
) (/usr/share/texlive/texmf-dist/tex/generic/pgf/basiclayer/pgfcoreshade.code.tex
File: pgfcoreshade.code.tex 2025-08-29 v3.1.11a (3.1.11a)
\pgf@max=\dimen196
\pgf@sys@shading@range@num=\count305
\pgf@shadingcount=\count306
) (/usr/share/texlive/texmf-dist/tex/generic/pgf/basiclayer/pgfcoreimage.code.tex
File: pgfcoreimage.code.tex 2025-08-29 v3.1.11a (3.1.11a)
) (/usr/share/texlive/texmf-dist/tex/generic/pgf/basiclayer/pgfcoreexternal.code.tex
File: pgfcoreexternal.code.tex 2025-08-29 v3.1.11a (3.1.11a)
\pgfexternal@startupbox=\box60
) (/usr/share/texlive/texmf-dist/tex/generic/pgf/basiclayer/pgfcorelayers.code.tex
File: pgfcorelayers.code.tex 2025-08-29 v3.1.11a (3.1.11a)
) (/usr/share/texlive/texmf-dist/tex/generic/pgf/basiclayer/pgfcoretransparency.code.tex
File: pgfcoretransparency.code.tex 2025-08-29 v3.1.11a (3.1.11a)
) (/usr/share/texlive/texmf-dist/tex/generic/pgf/basiclayer/pgfcorepatterns.code.tex
File: pgfcorepatterns.code.tex 2025-08-29 v3.1.11a (3.1.11a)
) (/usr/share/texlive/texmf-dist/tex/generic/pgf/basiclayer/pgfcorerdf.code.tex
File: pgfcorerdf.code.tex 2025-08-29 v3.1.11a (3.1.11a)
))) (/usr/share/texlive/texmf-dist/tex/generic/pgf/modules/pgfmoduleshapes.code.tex
File: pgfmoduleshapes.code.tex 2025-08-29 v3.1.11a (3.1.11a)
\pgfnodeparttextbox=\box61
) (/usr/share/texlive/texmf-dist/tex/generic/pgf/modules/pgfmoduleplot.code.tex
File: pgfmoduleplot.code.tex 2025-08-29 v3.1.11a (3.1.11a)
) (/usr/share/texlive/texmf-dist/tex/latex/pgf/compatibility/pgfcomp-version-0-65.sty
Package: pgfcomp-version-0-65 2025-08-29 v3.1.11a (3.1.11a)
\pgf@nodesepstart=\dimen197
\pgf@nodesepend=\dimen198
) (/usr/share/texlive/texmf-dist/tex/latex/pgf/compatibility/pgfcomp-version-1-18.sty
Package: pgfcomp-version-1-18 2025-08-29 v3.1.11a (3.1.11a)
)) (/usr/share/texlive/texmf-dist/tex/latex/pgf/utilities/pgffor.sty (/usr/share/texlive/texmf-dist/tex/latex/pgf/utilities/pgfkeys.sty (/usr/share/texlive/texmf-dist/tex/generic/pgf/utilities/pgfkeys.code.tex)) (/usr/share/texlive/texmf-dist/tex/latex/pgf/math/pgfmath.sty (/usr/share/texlive/texmf-dist/tex/generic/pgf/math/pgfmath.code.tex)) (/usr/share/texlive/texmf-dist/tex/generic/pgf/utilities/pgffor.code.tex
Package: pgffor 2025-08-29 v3.1.11a (3.1.11a)
\pgffor@iter=\dimen199
\pgffor@skip=\dimen256
\pgffor@stack=\toks41
\pgffor@toks=\toks42
)) (/usr/share/texlive/texmf-dist/tex/generic/pgf/frontendlayer/tikz/tikz.code.tex
Package: tikz 2025-08-29 v3.1.11a (3.1.11a)
 (/usr/share/texlive/texmf-dist/tex/generic/pgf/libraries/pgflibraryplothandlers.code.tex
File: pgflibraryplothandlers.code.tex 2025-08-29 v3.1.11a (3.1.11a)
\pgf@plot@mark@count=\count307
\pgfplotmarksize=\dimen257
)
\tikz@lastx=\dimen258
\tikz@lasty=\dimen259
\tikz@lastxsaved=\dimen260
\tikz@lastysaved=\dimen261
\tikz@lastmovetox=\dimen262
\tikz@lastmovetoy=\dimen263
\tikzleveldistance=\dimen264
\tikzsiblingdistance=\dimen265
\tikz@figbox=\box62
\tikz@figbox@bg=\box63
\tikz@tempbox=\box64
\tikz@tempbox@bg=\box65
\tikztreelevel=\count308
\tikznumberofchildren=\count309
\tikznumberofcurrentchild=\count310
\tikz@fig@count=\count311
 (/usr/share/texlive/texmf-dist/tex/generic/pgf/modules/pgfmodulematrix.code.tex
File: pgfmodulematrix.code.tex 2025-08-29 v3.1.11a (3.1.11a)
\pgfmatrixcurrentrow=\count312
\pgfmatrixcurrentcolumn=\count313
\pgf@matrix@numberofcolumns=\count314
)
\tikz@expandcount=\count315
 (/usr/share/texlive/texmf-dist/tex/generic/pgf/frontendlayer/tikz/libraries/tikzlibrarytopaths.code.tex
File: tikzlibrarytopaths.code.tex 2025-08-29 v3.1.11a (3.1.11a)
))) (/usr/share/texlive/texmf-dist/tex/generic/pgf/frontendlayer/tikz/libraries/tikzlibrarymatrix.code.tex
File: tikzlibrarymatrix.code.tex 2025-08-29 v3.1.11a (3.1.11a)
) (/usr/share/texlive/texmf-dist/tex/generic/pgf/frontendlayer/tikz/libraries/tikzlibraryarrows.code.tex
File: tikzlibraryarrows.code.tex 2025-08-29 v3.1.11a (3.1.11a)
 (/usr/share/texlive/texmf-dist/tex/generic/pgf/libraries/pgflibraryarrows.code.tex
File: pgflibraryarrows.code.tex 2025-08-29 v3.1.11a (3.1.11a)
\arrowsize=\dimen266
)) (/usr/share/texlive/texmf-dist/tex/latex/tikz-cd/tikz-cd.sty
Package: tikz-cd 2021/05/04 v1.0 Commutative diagrams with TikZ
 (/usr/share/texlive/texmf-dist/tex/generic/tikz-cd/tikzlibrarycd.code.tex (/usr/share/texlive/texmf-dist/tex/generic/pgf/frontendlayer/tikz/libraries/tikzlibraryquotes.code.tex
File: tikzlibraryquotes.code.tex 2025-08-29 v3.1.11a (3.1.11a)
) (/usr/share/texlive/texmf-dist/tex/generic/pgf/libraries/pgflibraryarrows.meta.code.tex
File: pgflibraryarrows.meta.code.tex 2025-08-29 v3.1.11a (3.1.11a)
\pgfarrowinset=\dimen267
\pgfarrowlength=\dimen268
\pgfarrowwidth=\dimen269
\pgfarrowlinewidth=\dimen270
))) (/usr/share/texlive/texmf-dist/tex/latex/geometry/geometry.sty
Package: geometry 2020/01/02 v5.9 Page Geometry
 (/usr/share/texlive/texmf-dist/tex/generic/iftex/ifvtex.sty
Package: ifvtex 2019/10/25 v1.7 ifvtex legacy package. Use iftex instead.
 (/usr/share/texlive/texmf-dist/tex/generic/iftex/iftex.sty
Package: iftex 2024/12/12 v1.0g TeX engine tests
))
\Gm@cnth=\count316
\Gm@cntv=\count317
\c@Gm@tempcnt=\count318
\Gm@bindingoffset=\dimen271
\Gm@wd@mp=\dimen272
\Gm@odd@mp=\dimen273
\Gm@even@mp=\dimen274
\Gm@layoutwidth=\dimen275
\Gm@layoutheight=\dimen276
\Gm@layouthoffset=\dimen277
\Gm@layoutvoffset=\dimen278
\Gm@dimlist=\toks43
) (/usr/share/texlive/texmf-dist/tex/generic/babel/babel.sty
Package: babel 2026/01/18 v26.1 The multilingual framework for LuaLaTeX, pdfLaTeX and XeLaTeX
\babel@savecnt=\count319
LaTeX Encoding Info:    Redeclaring text command \ij (encoding OT1) on input line 2078.
LaTeX Encoding Info:    Redeclaring text command \IJ (encoding OT1) on input line 2080.
LaTeX Encoding Info:    Redeclaring text command \ij (encoding T1) on input line 2082.
LaTeX Encoding Info:    Redeclaring text command \IJ (encoding T1) on input line 2083.
LaTeX Encoding Info:    Ignoring declaration for text command \ij (encoding ?) on input line 2084.
LaTeX Encoding Info:    Ignoring declaration for text command \IJ (encoding ?) on input line 2086.
LaTeX Encoding Info:    Ignoring declaration for text command \SS (encoding ?) on input line 2111.
\U@D=\dimen279
\l@unhyphenated=\language90
 (/usr/share/texlive/texmf-dist/tex/generic/babel/txtbabel.def)
\bbl@readstream=\read3
\bbl@dirlevel=\count320
 (/usr/share/texlive/texmf-dist/tex/generic/babel/locale/fr/babel-french.tex)
Package babel Info: Importing font and identification data for french
(babel)             from babel-fr.ini. Reported on input line 4330.
 (/usr/share/texlive/texmf-dist/tex/generic/babel-french/french.ldf
Language: french 2025-08-15 v4.0e French support from the babel system
 (/usr/share/texlive/texmf-dist/tex/generic/babel-french/french3.ldf
Language: french 2025-08-15 v3.7e French support from the babel system
\FB@stdchar=\count321
Package babel Info: Making : an active character on input line 273.
Package babel Info: Making ; an active character on input line 274.
Package babel Info: Making ! an active character on input line 275.
Package babel Info: Making ? an active character on input line 276.
\FBguill@level=\count322
\FBold@everypar=\toks44
\FB@Mht=\dimen280
\mc@charclass=\count323
\mc@charfam=\count324
\mc@charslot=\count325
\std@mcc=\count326
\dec@mcc=\count327
\FB@pardim=\dimen281
\listindentFB=\dimen282
\descindentFB=\dimen283
\labelindentFB=\dimen284
\labelwidthFB=\dimen285
\leftmarginFB=\dimen286
\parindentFFN=\dimen287
\FBfnindent=\dimen288
))) (/usr/share/texlive/texmf-dist/tex/latex/carlisle/scalefnt.sty)
LaTeX Font Info:    Trying to load font information for T1+lmr on input line 21.
 (/usr/share/texmf/tex/latex/lm/t1lmr.fd
File: t1lmr.fd 2015/05/01 v1.6.1 Font defs for Latin Modern
) (/usr/share/texlive/texmf-dist/tex/latex/l3backend/l3backend-pdftex.def
File: l3backend-pdftex.def 2025-10-09 L3 backend support: PDF output (pdfTeX)
\l__color_backend_stack_int=\count328
) (./rapport_draft.aux
Package babel Info: 'french' activates 'french' shorthands.
(babel)             Reported on input line 8.
)
\openout1 = `rapport_draft.aux'.

LaTeX Font Info:    Checking defaults for OML/cmm/m/it on input line 21.
LaTeX Font Info:    ... okay on input line 21.
LaTeX Font Info:    Checking defaults for OMS/cmsy/m/n on input line 21.
LaTeX Font Info:    ... okay on input line 21.
LaTeX Font Info:    Checking defaults for OT1/cmr/m/n on input line 21.
LaTeX Font Info:    ... okay on input line 21.
LaTeX Font Info:    Checking defaults for T1/cmr/m/n on input line 21.
LaTeX Font Info:    ... okay on input line 21.
LaTeX Font Info:    Checking defaults for TS1/cmr/m/n on input line 21.
LaTeX Font Info:    ... okay on input line 21.
LaTeX Font Info:    Checking defaults for OMX/cmex/m/n on input line 21.
LaTeX Font Info:    ... okay on input line 21.
LaTeX Font Info:    Checking defaults for U/cmr/m/n on input line 21.
LaTeX Font Info:    ... okay on input line 21.
 (/usr/share/texlive/texmf-dist/tex/context/base/mkii/supp-pdf.mkii
[Loading MPS to PDF converter (version 2006.09.02).]
\scratchcounter=\count329
\scratchdimen=\dimen289
\scratchbox=\box66
\nofMPsegments=\count330
\nofMParguments=\count331
\everyMPshowfont=\toks45
\MPscratchCnt=\count332
\MPscratchDim=\dimen290
\MPnumerator=\count333
\makeMPintoPDFobject=\count334
\everyMPtoPDFconversion=\toks46
) (/usr/share/texlive/texmf-dist/tex/latex/epstopdf-pkg/epstopdf-base.sty
Package: epstopdf-base 2020-01-24 v2.11 Base part for package epstopdf
Package epstopdf-base Info: Redefining graphics rule for `.eps' on input line 485.
 (/usr/share/texlive/texmf-dist/tex/latex/latexconfig/epstopdf-sys.cfg
File: epstopdf-sys.cfg 2010/07/13 v1.3 Configuration of (r)epstopdf for TeX Live
))
*geometry* driver: auto-detecting
*geometry* detected driver: pdftex
*geometry* verbose mode - [ preamble ] result:
* driver: pdftex
* paper: <default>
* layout: <same size as paper>
* layoutoffset:(h,v)=(0.0pt,0.0pt)
* modes: 
* h-part:(L,W,R)=(92.14519pt, 430.00462pt, 92.14519pt)
* v-part:(T,H,B)=(95.39737pt, 556.47656pt, 143.09605pt)
* \paperwidth=614.295pt
* \paperheight=794.96999pt
* \textwidth=430.00462pt
* \textheight=556.47656pt
* \oddsidemargin=19.8752pt
* \evensidemargin=19.8752pt
* \topmargin=-13.87262pt
* \headheight=12.0pt
* \headsep=25.0pt
* \topskip=10.0pt
* \footskip=30.0pt
* \marginparwidth=65.0pt
* \marginparsep=11.0pt
* \columnsep=10.0pt
* \skip\footins=9.0pt plus 4.0pt minus 2.0pt
* \hoffset=0.0pt
* \voffset=0.0pt
* \mag=1000
* \@twocolumnfalse
* \@twosidefalse
* \@mparswitchfalse
* \@reversemarginfalse
* (1in=72.27pt=25.4mm, 1cm=28.453pt)

LaTeX Info: Redefining \degres on input line 21.
LaTeX Font Info:    Trying to load font information for OT1+lmr on input line 23.
(/usr/share/texmf/tex/latex/lm/ot1lmr.fd
File: ot1lmr.fd 2015/05/01 v1.6.1 Font defs for Latin Modern
)
LaTeX Font Info:    Trying to load font information for OML+lmm on input line 23.
 (/usr/share/texmf/tex/latex/lm/omllmm.fd
File: omllmm.fd 2015/05/01 v1.6.1 Font defs for Latin Modern
)
LaTeX Font Info:    Trying to load font information for OMS+lmsy on input line 23.
 (/usr/share/texmf/tex/latex/lm/omslmsy.fd
File: omslmsy.fd 2015/05/01 v1.6.1 Font defs for Latin Modern
)
LaTeX Font Info:    Trying to load font information for OMX+lmex on input line 23.
 (/usr/share/texmf/tex/latex/lm/omxlmex.fd
File: omxlmex.fd 2015/05/01 v1.6.1 Font defs for Latin Modern
)
LaTeX Font Info:    External font `lmex10' loaded for size
(Font)              <12> on input line 23.
LaTeX Font Info:    External font `lmex10' loaded for size
(Font)              <8> on input line 23.
LaTeX Font Info:    External font `lmex10' loaded for size
(Font)              <6> on input line 23.
LaTeX Font Info:    Trying to load font information for U+msa on input line 23.
 (/usr/share/texlive/texmf-dist/tex/latex/amsfonts/umsa.fd
File: umsa.fd 2013/01/14 v3.01 AMS symbols A
)
LaTeX Font Info:    Trying to load font information for U+msb on input line 23.
 (/usr/share/texlive/texmf-dist/tex/latex/amsfonts/umsb.fd
File: umsb.fd 2013/01/14 v3.01 AMS symbols B
)
LaTeX Font Info:    Trying to load font information for U+stmry on input line 23.
 (/usr/share/texlive/texmf-dist/tex/latex/stmaryrd/Ustmry.fd)
LaTeX Font Info:    External font `lmex10' loaded for size
(Font)              <10> on input line 52.
LaTeX Font Info:    External font `lmex10' loaded for size
(Font)              <7> on input line 52.
LaTeX Font Info:    External font `lmex10' loaded for size
(Font)              <5> on input line 52.

Overfull \hbox (1.53137pt too wide) in paragraph at lines 38--54
[]
 []


Overfull \hbox (4.8647pt too wide) in paragraph at lines 59--75
[]
 []

[1

{/var/lib/texmf/fonts/map/pdftex/updmap/pdftex.map}{/usr/share/texmf/fonts/enc/dvips/lm/lm-ec.enc}{/usr/share/texmf/fonts/enc/dvips/lm/lm-mathit.enc}{/usr/share/texmf/fonts/enc/dvips/lm/lm-rm.enc}]
Overfull \hbox (1.53137pt too wide) in paragraph at lines 86--100
[]
 []

[2{/usr/share/texmf/fonts/enc/dvips/lm/lm-mathsy.enc}]
<figures/Capture d’écran 2026-07-01 à 14.41.14.png, id=26, 1273.75874pt x 343.2825pt>
File: figures/Capture d’écran 2026-07-01 à 14.41.14.png Graphic file (type png)
<use figures/Capture d’écran 2026-07-01 à 14.41.14.png>
Package pdftex.def Info: figures/Capture d’écran 2026-07-01 à 14.41.14.png  used on input line 147.
(pdftex.def)             Requested size: 382.13057pt x 102.98553pt.
 [3 <./figures/Capture d’écran 2026-07-01 à 14.41.14.png>]
<figures/Capture d’écran 2026-07-01 à 14.41.03.png, id=32, 591.20876pt x 298.11375pt>
File: figures/Capture d’écran 2026-07-01 à 14.41.03.png Graphic file (type png)
<use figures/Capture d’écran 2026-07-01 à 14.41.03.png>
Package pdftex.def Info: figures/Capture d’écran 2026-07-01 à 14.41.03.png  used on input line 154.
(pdftex.def)             Requested size: 413.8433pt x 208.67819pt.
<figures/Capture d’écran 2026-07-01 à 14.41.33.png, id=33, 506.89375pt x 364.36125pt>
File: figures/Capture d’écran 2026-07-01 à 14.41.33.png Graphic file (type png)
<use figures/Capture d’écran 2026-07-01 à 14.41.33.png>
Package pdftex.def Info: figures/Capture d’écran 2026-07-01 à 14.41.33.png  used on input line 160.
(pdftex.def)             Requested size: 202.7539pt x 145.74191pt.
 [4 <./figures/Capture d’écran 2026-07-01 à 14.41.03.png> <./figures/Capture d’écran 2026-07-01 à 14.41.33.png>]
<figures/norad_43226_sma_and_maneuvers copy.png, id=39, 861.9402pt x 288.1164pt>
File: figures/norad_43226_sma_and_maneuvers copy.png Graphic file (type png)
<use figures/norad_43226_sma_and_maneuvers copy.png>
Package pdftex.def Info: figures/norad_43226_sma_and_maneuvers copy.png  used on input line 181.
(pdftex.def)             Requested size: 430.96904pt x 144.05783pt.
<figures/norad_43226_methods.png, id=40, 858.5676pt x 711.1368pt>
File: figures/norad_43226_methods.png Graphic file (type png)
<use figures/norad_43226_methods.png>
Package pdftex.def Info: figures/norad_43226_methods.png  used on input line 182.
(pdftex.def)             Requested size: 343.42094pt x 284.44968pt.

Overfull \hbox (0.96442pt too wide) in paragraph at lines 181--183
 [] 
 []

<figures/norad_66142_sma_and_maneuvers copy.png, id=41, 861.9402pt x 288.1164pt>
File: figures/norad_66142_sma_and_maneuvers copy.png Graphic file (type png)
<use figures/norad_66142_sma_and_maneuvers copy.png>
Package pdftex.def Info: figures/norad_66142_sma_and_maneuvers copy.png  used on input line 186.
(pdftex.def)             Requested size: 430.96904pt x 144.05783pt.
<figures/norad_66142_methods.png, id=42, 858.5676pt x 711.1368pt>
File: figures/norad_66142_methods.png Graphic file (type png)
<use figures/norad_66142_methods.png>
Package pdftex.def Info: figures/norad_66142_methods.png  used on input line 187.
(pdftex.def)             Requested size: 343.42094pt x 284.44968pt.

Overfull \hbox (0.96442pt too wide) in paragraph at lines 186--188
 [] 
 []

[5 <./figures/norad_43226_sma_and_maneuvers copy.png> <./figures/norad_43226_methods.png>] [6 <./figures/norad_66142_sma_and_maneuvers copy.png> <./figures/norad_66142_methods.png>]
<figures/s3b_sma.png, id=53, 860.4948pt x 287.6346pt>
File: figures/s3b_sma.png Graphic file (type png)
<use figures/s3b_sma.png>
Package pdftex.def Info: figures/s3b_sma.png  used on input line 229.
(pdftex.def)             Requested size: 206.40038pt x 68.9898pt.
<figures/s3b_eccentricity.png, id=54, 862.422pt x 287.6346pt>
File: figures/s3b_eccentricity.png Graphic file (type png)
<use figures/s3b_eccentricity.png>
Package pdftex.def Info: figures/s3b_eccentricity.png  used on input line 230.
(pdftex.def)             Requested size: 206.40038pt x 68.8362pt.
<figures/s3b_inclination.png, id=55, 861.9402pt x 287.6346pt>
File: figures/s3b_inclination.png Graphic file (type png)
<use figures/s3b_inclination.png>
Package pdftex.def Info: figures/s3b_inclination.png  used on input line 231.
(pdftex.def)             Requested size: 206.40038pt x 68.8757pt.
<figures/s3b_raan.png, id=56, 860.9766pt x 287.6346pt>
File: figures/s3b_raan.png Graphic file (type png)
<use figures/s3b_raan.png>
Package pdftex.def Info: figures/s3b_raan.png  used on input line 232.
(pdftex.def)             Requested size: 206.40038pt x 68.95032pt.
<figures/s3b_arg_perigee.png, id=57, 860.013pt x 287.6346pt>
File: figures/s3b_arg_perigee.png Graphic file (type png)
<use figures/s3b_arg_perigee.png>
Package pdftex.def Info: figures/s3b_arg_perigee.png  used on input line 233.
(pdftex.def)             Requested size: 206.40038pt x 69.02931pt.
<figures/s3b_mean_anomaly.png, id=58, 860.013pt x 287.6346pt>
File: figures/s3b_mean_anomaly.png Graphic file (type png)
<use figures/s3b_mean_anomaly.png>
Package pdftex.def Info: figures/s3b_mean_anomaly.png  used on input line 234.
(pdftex.def)             Requested size: 206.40038pt x 69.02931pt.
<figures/s3b_mean_motion.png, id=59, 860.9766pt x 287.6346pt>
File: figures/s3b_mean_motion.png Graphic file (type png)
<use figures/s3b_mean_motion.png>
Package pdftex.def Info: figures/s3b_mean_motion.png  used on input line 235.
(pdftex.def)             Requested size: 206.40038pt x 68.95032pt.
 [7]
<figures/en1_sma.png, id=64, 861.4584pt x 287.6346pt>
File: figures/en1_sma.png Graphic file (type png)
<use figures/en1_sma.png>
Package pdftex.def Info: figures/en1_sma.png  used on input line 241.
(pdftex.def)             Requested size: 206.40038pt x 68.9152pt.
<figures/en1_eccentricity.png, id=65, 862.9038pt x 287.6346pt>
File: figures/en1_eccentricity.png Graphic file (type png)
<use figures/en1_eccentricity.png>
Package pdftex.def Info: figures/en1_eccentricity.png  used on input line 242.
(pdftex.def)             Requested size: 206.40038pt x 68.7967pt.
<figures/en1_inclination.png, id=66, 860.9766pt x 287.6346pt>
File: figures/en1_inclination.png Graphic file (type png)
<use figures/en1_inclination.png>
Package pdftex.def Info: figures/en1_inclination.png  used on input line 243.
(pdftex.def)             Requested size: 206.40038pt x 68.95032pt.
<figures/en1_raan.png, id=67, 860.9766pt x 287.6346pt>
File: figures/en1_raan.png Graphic file (type png)
<use figures/en1_raan.png>
Package pdftex.def Info: figures/en1_raan.png  used on input line 244.
(pdftex.def)             Requested size: 206.40038pt x 68.95032pt.
<figures/en1_arg_perigee.png, id=68, 860.013pt x 287.6346pt>
File: figures/en1_arg_perigee.png Graphic file (type png)
<use figures/en1_arg_perigee.png>
Package pdftex.def Info: figures/en1_arg_perigee.png  used on input line 245.
(pdftex.def)             Requested size: 206.40038pt x 69.02931pt.
<figures/en1_mean_anomaly.png, id=69, 860.013pt x 287.6346pt>
File: figures/en1_mean_anomaly.png Graphic file (type png)
<use figures/en1_mean_anomaly.png>
Package pdftex.def Info: figures/en1_mean_anomaly.png  used on input line 246.
(pdftex.def)             Requested size: 206.40038pt x 69.02931pt.
<figures/en1_mean_motion.png, id=70, 860.9766pt x 287.6346pt>
File: figures/en1_mean_motion.png Graphic file (type png)
<use figures/en1_mean_motion.png>
Package pdftex.def Info: figures/en1_mean_motion.png  used on input line 247.
(pdftex.def)             Requested size: 206.40038pt x 68.95032pt.
 [8 <./figures/s3b_sma.png> <./figures/s3b_eccentricity.png> <./figures/s3b_inclination.png> <./figures/s3b_raan.png> <./figures/s3b_arg_perigee.png> <./figures/s3b_mean_anomaly.png> <./figures/s3b_mean_motion.png> <./figures/en1_sma.png> <./figures/en1_eccentricity.png> <./figures/en1_inclination.png> <./figures/en1_raan.png> <./figures/en1_arg_perigee.png> <./figures/en1_mean_anomaly.png>]
<figures/cs2_sma.png, id=87, 861.9402pt x 287.6346pt>
File: figures/cs2_sma.png Graphic file (type png)
<use figures/cs2_sma.png>
Package pdftex.def Info: figures/cs2_sma.png  used on input line 253.
(pdftex.def)             Requested size: 206.40038pt x 68.8757pt.
<figures/cs2_eccentricity.png, id=88, 862.9038pt x 287.6346pt>
File: figures/cs2_eccentricity.png Graphic file (type png)
<use figures/cs2_eccentricity.png>
Package pdftex.def Info: figures/cs2_eccentricity.png  used on input line 254.
(pdftex.def)             Requested size: 206.40038pt x 68.7967pt.
<figures/cs2_inclination.png, id=89, 861.9402pt x 287.6346pt>
File: figures/cs2_inclination.png Graphic file (type png)
<use figures/cs2_inclination.png>
Package pdftex.def Info: figures/cs2_inclination.png  used on input line 255.
(pdftex.def)             Requested size: 206.40038pt x 68.8757pt.
<figures/cs2_raan.png, id=90, 860.9766pt x 287.6346pt>
File: figures/cs2_raan.png Graphic file (type png)
<use figures/cs2_raan.png>
Package pdftex.def Info: figures/cs2_raan.png  used on input line 256.
(pdftex.def)             Requested size: 206.40038pt x 68.95032pt.
<figures/cs2_arg_perigee.png, id=91, 860.013pt x 287.6346pt>
File: figures/cs2_arg_perigee.png Graphic file (type png)
<use figures/cs2_arg_perigee.png>
Package pdftex.def Info: figures/cs2_arg_perigee.png  used on input line 257.
(pdftex.def)             Requested size: 206.40038pt x 69.02931pt.
<figures/cs2_mean_anomaly.png, id=92, 860.013pt x 287.6346pt>
File: figures/cs2_mean_anomaly.png Graphic file (type png)
<use figures/cs2_mean_anomaly.png>
Package pdftex.def Info: figures/cs2_mean_anomaly.png  used on input line 258.
(pdftex.def)             Requested size: 206.40038pt x 69.02931pt.
<figures/cs2_mean_motion.png, id=93, 861.9402pt x 287.6346pt>
File: figures/cs2_mean_motion.png Graphic file (type png)
<use figures/cs2_mean_motion.png>
Package pdftex.def Info: figures/cs2_mean_motion.png  used on input line 259.
(pdftex.def)             Requested size: 206.40038pt x 68.8757pt.
<figures/srl_sma.png, id=94, 861.4584pt x 287.6346pt>
File: figures/srl_sma.png Graphic file (type png)
<use figures/srl_sma.png>
Package pdftex.def Info: figures/srl_sma.png  used on input line 265.
(pdftex.def)             Requested size: 206.40038pt x 68.9152pt.
<figures/srl_eccentricity.png, id=95, 862.9038pt x 287.6346pt>
File: figures/srl_eccentricity.png Graphic file (type png)
<use figures/srl_eccentricity.png>
Package pdftex.def Info: figures/srl_eccentricity.png  used on input line 266.
(pdftex.def)             Requested size: 206.40038pt x 68.7967pt.
<figures/srl_inclination.png, id=96, 861.9402pt x 287.6346pt>
File: figures/srl_inclination.png Graphic file (type png)
<use figures/srl_inclination.png>
Package pdftex.def Info: figures/srl_inclination.png  used on input line 267.
(pdftex.def)             Requested size: 206.40038pt x 68.8757pt.
<figures/srl_raan.png, id=97, 860.9766pt x 287.6346pt>
File: figures/srl_raan.png Graphic file (type png)
<use figures/srl_raan.png>
Package pdftex.def Info: figures/srl_raan.png  used on input line 268.
(pdftex.def)             Requested size: 206.40038pt x 68.95032pt.
<figures/srl_arg_perigee.png, id=98, 860.013pt x 287.6346pt>
File: figures/srl_arg_perigee.png Graphic file (type png)
<use figures/srl_arg_perigee.png>
Package pdftex.def Info: figures/srl_arg_perigee.png  used on input line 269.
(pdftex.def)             Requested size: 206.40038pt x 69.02931pt.
<figures/srl_mean_anomaly.png, id=99, 860.013pt x 287.6346pt>
File: figures/srl_mean_anomaly.png Graphic file (type png)
<use figures/srl_mean_anomaly.png>
Package pdftex.def Info: figures/srl_mean_anomaly.png  used on input line 270.
(pdftex.def)             Requested size: 206.40038pt x 69.02931pt.
<figures/srl_mean_motion.png, id=100, 861.4584pt x 287.6346pt>
File: figures/srl_mean_motion.png Graphic file (type png)
<use figures/srl_mean_motion.png>
Package pdftex.def Info: figures/srl_mean_motion.png  used on input line 271.
(pdftex.def)             Requested size: 206.40038pt x 68.9152pt.
 [9 <./figures/en1_mean_motion.png> <./figures/cs2_sma.png> <./figures/cs2_eccentricity.png> <./figures/cs2_inclination.png> <./figures/cs2_raan.png> <./figures/cs2_arg_perigee.png> <./figures/cs2_mean_anomaly.png> <./figures/cs2_mean_motion.png>]
<figures/cs2_delta_a_kalman_vs_theorique.png, id=112, 738.1176pt x 380.622pt>
File: figures/cs2_delta_a_kalman_vs_theorique.png Graphic file (type png)
<use figures/cs2_delta_a_kalman_vs_theorique.png>
Package pdftex.def Info: figures/cs2_delta_a_kalman_vs_theorique.png  used on input line 287.
(pdftex.def)             Requested size: 365.50655pt x 188.48105pt.
 [10 <./figures/srl_sma.png> <./figures/srl_eccentricity.png> <./figures/srl_inclination.png> <./figures/srl_raan.png> <./figures/srl_arg_perigee.png> <./figures/srl_mean_anomaly.png> <./figures/srl_mean_motion.png>]
<figures/s3b_delta_a_kalman_vs_theorique.png, id=124, 724.1454pt x 380.622pt>
File: figures/s3b_delta_a_kalman_vs_theorique.png Graphic file (type png)
<use figures/s3b_delta_a_kalman_vs_theorique.png>
Package pdftex.def Info: figures/s3b_delta_a_kalman_vs_theorique.png  used on input line 290.
(pdftex.def)             Requested size: 365.50655pt x 192.11674pt.
<figures/cs2_dv_composantes.png, id=125, 738.1176pt x 380.1402pt>
File: figures/cs2_dv_composantes.png Graphic file (type png)
<use figures/cs2_dv_composantes.png>
Package pdftex.def Info: figures/cs2_dv_composantes.png  used on input line 303.
(pdftex.def)             Requested size: 365.50655pt x 188.24248pt.
 [11 <./figures/cs2_delta_a_kalman_vs_theorique.png> <./figures/s3b_delta_a_kalman_vs_theorique.png>]
<figures/s3b_dv_composantes.png, id=131, 722.2182pt x 380.1402pt>
File: figures/s3b_dv_composantes.png Graphic file (type png)
<use figures/s3b_dv_composantes.png>
Package pdftex.def Info: figures/s3b_dv_composantes.png  used on input line 306.
(pdftex.def)             Requested size: 365.50655pt x 192.3898pt.
LaTeX Font Info:    Trying to load font information for TS1+lmr on input line 321.
 (/usr/share/texmf/tex/latex/lm/ts1lmr.fd
File: ts1lmr.fd 2015/05/01 v1.6.1 Font defs for Latin Modern
) [12 <./figures/cs2_dv_composantes.png> <./figures/s3b_dv_composantes.png>]
<figures/s3b_delta_i_kalman_vs_theorique.png, id=137, 740.0448pt x 603.2136pt>
File: figures/s3b_delta_i_kalman_vs_theorique.png Graphic file (type png)
<use figures/s3b_delta_i_kalman_vs_theorique.png>
Package pdftex.def Info: figures/s3b_delta_i_kalman_vs_theorique.png  used on input line 338.
(pdftex.def)             Requested size: 365.50655pt x 297.92433pt.
 [13{/usr/share/texmf/fonts/enc/dvips/lm/lm-ts1.enc}{/usr/share/texmf/fonts/enc/dvips/lm/lm-mathex.enc} <./figures/s3b_delta_i_kalman_vs_theorique.png>] [14]
<figures/43437_f1_vs_r.png, id=150, 570.933pt x 353.6412pt>
File: figures/43437_f1_vs_r.png Graphic file (type png)
<use figures/43437_f1_vs_r.png>
Package pdftex.def Info: figures/43437_f1_vs_r.png  used on input line 397.
(pdftex.def)             Requested size: 365.50655pt x 226.40512pt.
<figures/27386_f1_vs_r.png, id=151, 570.4512pt x 353.6412pt>
File: figures/27386_f1_vs_r.png Graphic file (type png)
<use figures/27386_f1_vs_r.png>
Package pdftex.def Info: figures/27386_f1_vs_r.png  used on input line 398.
(pdftex.def)             Requested size: 365.50655pt x 226.594pt.
<figures/36508_f1_vs_r.png, id=152, 570.933pt x 353.6412pt>
File: figures/36508_f1_vs_r.png Graphic file (type png)
<use figures/36508_f1_vs_r.png>
Package pdftex.def Info: figures/36508_f1_vs_r.png  used on input line 399.
(pdftex.def)             Requested size: 365.50655pt x 226.40512pt.
<figures/39086_f1_vs_r.png, id=153, 570.933pt x 353.6412pt>
File: figures/39086_f1_vs_r.png Graphic file (type png)
<use figures/39086_f1_vs_r.png>
Package pdftex.def Info: figures/39086_f1_vs_r.png  used on input line 400.
(pdftex.def)             Requested size: 365.50655pt x 226.40512pt.
 [15 <./figures/43437_f1_vs_r.png> <./figures/27386_f1_vs_r.png>] [16 <./figures/36508_f1_vs_r.png> <./figures/39086_f1_vs_r.png>]
File: figures/s3b_sma.png Graphic file (type png)
<use figures/s3b_sma.png>
Package pdftex.def Info: figures/s3b_sma.png  used on input line 410.
(pdftex.def)             Requested size: 365.50655pt x 122.17943pt.
<figures/43437_sma_pred.png, id=164, 860.4948pt x 287.6346pt>
File: figures/43437_sma_pred.png Graphic file (type png)
<use figures/43437_sma_pred.png>
Package pdftex.def Info: figures/43437_sma_pred.png  used on input line 416.
(pdftex.def)             Requested size: 365.50655pt x 122.17943pt.
<figures/43437_inclination_pred.png, id=165, 861.9402pt x 287.6346pt>
File: figures/43437_inclination_pred.png Graphic file (type png)
<use figures/43437_inclination_pred.png>
Package pdftex.def Info: figures/43437_inclination_pred.png  used on input line 421.
(pdftex.def)             Requested size: 365.50655pt x 121.96877pt.
 [17 <./figures/43437_sma_pred.png> <./figures/43437_inclination_pred.png>]
File: figures/en1_sma.png Graphic file (type png)
<use figures/en1_sma.png>
Package pdftex.def Info: figures/en1_sma.png  used on input line 430.
(pdftex.def)             Requested size: 365.50655pt x 122.03899pt.
<figures/27386_sma_pred.png, id=171, 861.4584pt x 287.6346pt>
File: figures/27386_sma_pred.png Graphic file (type png)
<use figures/27386_sma_pred.png>
Package pdftex.def Info: figures/27386_sma_pred.png  used on input line 436.
(pdftex.def)             Requested size: 365.50655pt x 122.03899pt.
<figures/27386_inclination_pred.png, id=172, 860.9766pt x 287.6346pt>
File: figures/27386_inclination_pred.png Graphic file (type png)
<use figures/27386_inclination_pred.png>
Package pdftex.def Info: figures/27386_inclination_pred.png  used on input line 441.
(pdftex.def)             Requested size: 365.50655pt x 122.10483pt.
 [18 <./figures/27386_sma_pred.png> <./figures/27386_inclination_pred.png>]
File: figures/cs2_sma.png Graphic file (type png)
<use figures/cs2_sma.png>
Package pdftex.def Info: figures/cs2_sma.png  used on input line 450.
(pdftex.def)             Requested size: 365.50655pt x 121.96877pt.
<figures/36508_sma_pred.png, id=178, 861.9402pt x 287.6346pt>
File: figures/36508_sma_pred.png Graphic file (type png)
<use figures/36508_sma_pred.png>
Package pdftex.def Info: figures/36508_sma_pred.png  used on input line 456.
(pdftex.def)             Requested size: 365.50655pt x 121.96877pt.
<figures/36508_inclination_pred.png, id=179, 861.9402pt x 287.6346pt>
File: figures/36508_inclination_pred.png Graphic file (type png)
<use figures/36508_inclination_pred.png>
Package pdftex.def Info: figures/36508_inclination_pred.png  used on input line 461.
(pdftex.def)             Requested size: 365.50655pt x 121.96877pt.
 [19 <./figures/36508_sma_pred.png> <./figures/36508_inclination_pred.png>]
File: figures/srl_sma.png Graphic file (type png)
<use figures/srl_sma.png>
Package pdftex.def Info: figures/srl_sma.png  used on input line 470.
(pdftex.def)             Requested size: 365.50655pt x 122.03899pt.
<figures/39086_sma_pred.png, id=186, 861.4584pt x 287.6346pt>
File: figures/39086_sma_pred.png Graphic file (type png)
<use figures/39086_sma_pred.png>
Package pdftex.def Info: figures/39086_sma_pred.png  used on input line 476.
(pdftex.def)             Requested size: 365.50655pt x 122.03899pt.
 [20 <./figures/39086_sma_pred.png>]
<figures/figure_28885.png, id=191, 2523.4275pt x 1378.1889pt>
File: figures/figure_28885.png Graphic file (type png)
<use figures/figure_28885.png>
Package pdftex.def Info: figures/figure_28885.png  used on input line 524.
(pdftex.def)             Requested size: 504.67657pt x 275.63289pt.
<figures/figure_39375.png, id=192, 2524.1502pt x 1378.1889pt>
File: figures/figure_39375.png Graphic file (type png)
<use figures/figure_39375.png>
Package pdftex.def Info: figures/figure_39375.png  used on input line 525.
(pdftex.def)             Requested size: 504.8211pt x 275.63289pt.
<figures/figure_40258.png, id=193, 2522.223pt x 1378.1889pt>
File: figures/figure_40258.png Graphic file (type png)
<use figures/figure_40258.png>
Package pdftex.def Info: figures/figure_40258.png  used on input line 526.
(pdftex.def)             Requested size: 504.43567pt x 275.63289pt.
<figures/matrice_conf_rivesalt.png, id=194, 331.4784pt x 237.5274pt>
File: figures/matrice_conf_rivesalt.png Graphic file (type png)
<use figures/matrice_conf_rivesalt.png>
Package pdftex.def Info: figures/matrice_conf_rivesalt.png  used on input line 527.
(pdftex.def)             Requested size: 66.2945pt x 47.50462pt.

Overfull \hbox (74.67195pt too wide) in paragraph at lines 524--528
 [] 
 []


Overfull \hbox (74.81648pt too wide) in paragraph at lines 524--528
 [] 
 []


Overfull \hbox (74.43105pt too wide) in paragraph at lines 524--528
 [] 
 []

[21] [22 <./figures/figure_28885.png> <./figures/figure_39375.png>] [23 <./figures/figure_40258.png> <./figures/matrice_conf_rivesalt.png>]
LaTeX Font Info:    Trying to load font information for T1+lmtt on input line 562.
 (/usr/share/texmf/tex/latex/lm/t1lmtt.fd
File: t1lmtt.fd 2015/05/01 v1.6.1 Font defs for Latin Modern
)
<figures/kalman_fail1_optim_params.png, id=208, 2595.4566pt x 287.6346pt>
File: figures/kalman_fail1_optim_params.png Graphic file (type png)
<use figures/kalman_fail1_optim_params.png>
Package pdftex.def Info: figures/kalman_fail1_optim_params.png  used on input line 569.
(pdftex.def)             Requested size: 421.40268pt x 46.69836pt.
<figures/kalman_fail1_optim_nis.png, id=209, 859.0494pt x 281.3712pt>
File: figures/kalman_fail1_optim_nis.png Graphic file (type png)
<use figures/kalman_fail1_optim_nis.png>
Package pdftex.def Info: figures/kalman_fail1_optim_nis.png  used on input line 570.
(pdftex.def)             Requested size: 322.50346pt x 105.62985pt.
<figures/kalman_fail1_avg_nis.png, id=210, 858.5676pt x 281.3712pt>
File: figures/kalman_fail1_avg_nis.png Graphic file (type png)
<use figures/kalman_fail1_avg_nis.png>
Package pdftex.def Info: figures/kalman_fail1_avg_nis.png  used on input line 571.
(pdftex.def)             Requested size: 322.50346pt x 105.68996pt.
<figures/kalman_fail1_cluster_nis.png, id=211, 858.5676pt x 281.3712pt>
File: figures/kalman_fail1_cluster_nis.png Graphic file (type png)
<use figures/kalman_fail1_cluster_nis.png>
Package pdftex.def Info: figures/kalman_fail1_cluster_nis.png  used on input line 572.
(pdftex.def)             Requested size: 322.50346pt x 105.68996pt.
 [24 <./figures/kalman_fail1_optim_params.png> <./figures/kalman_fail1_optim_nis.png>]
<figures/kalman_fail2_optim_params.png, id=218, 2595.9384pt x 287.6346pt>
File: figures/kalman_fail2_optim_params.png Graphic file (type png)
<use figures/kalman_fail2_optim_params.png>
Package pdftex.def Info: figures/kalman_fail2_optim_params.png  used on input line 576.
(pdftex.def)             Requested size: 421.40268pt x 46.68959pt.
<figures/kalman_fail2_optim_nis.png, id=219, 859.5312pt x 281.3712pt>
File: figures/kalman_fail2_optim_nis.png Graphic file (type png)
<use figures/kalman_fail2_optim_nis.png>
Package pdftex.def Info: figures/kalman_fail2_optim_nis.png  used on input line 577.
(pdftex.def)             Requested size: 322.50346pt x 105.57404pt.
<figures/kalman_fail2_avg_nis.png, id=220, 860.013pt x 281.3712pt>
File: figures/kalman_fail2_avg_nis.png Graphic file (type png)
<use figures/kalman_fail2_avg_nis.png>
Package pdftex.def Info: figures/kalman_fail2_avg_nis.png  used on input line 578.
(pdftex.def)             Requested size: 322.50346pt x 105.51393pt.
<figures/kalman_fail2_cluster_nis.png, id=221, 860.013pt x 281.3712pt>
File: figures/kalman_fail2_cluster_nis.png Graphic file (type png)
<use figures/kalman_fail2_cluster_nis.png>
Package pdftex.def Info: figures/kalman_fail2_cluster_nis.png  used on input line 579.
(pdftex.def)             Requested size: 322.50346pt x 105.51393pt.
 [25 <./figures/kalman_fail1_avg_nis.png> <./figures/kalman_fail1_cluster_nis.png> <./figures/kalman_fail2_optim_params.png> <./figures/kalman_fail2_optim_nis.png> <./figures/kalman_fail2_avg_nis.png>] [26 <./figures/kalman_fail2_cluster_nis.png>]
<figures/kalman_mid2_optim_params.png, id=235, 2594.9748pt x 287.6346pt>
File: figures/kalman_mid2_optim_params.png Graphic file (type png)
<use figures/kalman_mid2_optim_params.png>
Package pdftex.def Info: figures/kalman_mid2_optim_params.png  used on input line 588.
(pdftex.def)             Requested size: 421.40268pt x 46.70714pt.
<figures/kalman_mid2_optim_nis.png, id=236, 859.0494pt x 281.3712pt>
File: figures/kalman_mid2_optim_nis.png Graphic file (type png)
<use figures/kalman_mid2_optim_nis.png>
Package pdftex.def Info: figures/kalman_mid2_optim_nis.png  used on input line 589.
(pdftex.def)             Requested size: 322.50346pt x 105.62985pt.
<figures/kalman_mid2_avg_nis.png, id=237, 860.013pt x 281.3712pt>
File: figures/kalman_mid2_avg_nis.png Graphic file (type png)
<use figures/kalman_mid2_avg_nis.png>
Package pdftex.def Info: figures/kalman_mid2_avg_nis.png  used on input line 590.
(pdftex.def)             Requested size: 322.50346pt x 105.51393pt.
<figures/kalman_mid2_cluster_nis.png, id=238, 859.5312pt x 281.3712pt>
File: figures/kalman_mid2_cluster_nis.png Graphic file (type png)
<use figures/kalman_mid2_cluster_nis.png>
Package pdftex.def Info: figures/kalman_mid2_cluster_nis.png  used on input line 591.
(pdftex.def)             Requested size: 322.50346pt x 105.57404pt.
 [27 <./figures/kalman_mid2_optim_params.png> <./figures/kalman_mid2_optim_nis.png> <./figures/kalman_mid2_avg_nis.png> <./figures/kalman_mid2_cluster_nis.png>]
<figures/kalman_mid_64723_optim_params.png, id=246, 2595.4566pt x 287.6346pt>
File: figures/kalman_mid_64723_optim_params.png Graphic file (type png)
<use figures/kalman_mid_64723_optim_params.png>
Package pdftex.def Info: figures/kalman_mid_64723_optim_params.png  used on input line 596.
(pdftex.def)             Requested size: 421.40268pt x 46.69836pt.
<figures/kalman_mid_64723_optim_nis.png, id=247, 859.0494pt x 281.3712pt>
File: figures/kalman_mid_64723_optim_nis.png Graphic file (type png)
<use figures/kalman_mid_64723_optim_nis.png>
Package pdftex.def Info: figures/kalman_mid_64723_optim_nis.png  used on input line 597.
(pdftex.def)             Requested size: 322.50346pt x 105.62985pt.
<figures/kalman_mid_64723_avg_nis.png, id=248, 859.5312pt x 281.3712pt>
File: figures/kalman_mid_64723_avg_nis.png Graphic file (type png)
<use figures/kalman_mid_64723_avg_nis.png>
Package pdftex.def Info: figures/kalman_mid_64723_avg_nis.png  used on input line 598.
(pdftex.def)             Requested size: 322.50346pt x 105.57404pt.
<figures/kalman_mid_64723_cluster_nis.png, id=249, 859.5312pt x 281.3712pt>
File: figures/kalman_mid_64723_cluster_nis.png Graphic file (type png)
<use figures/kalman_mid_64723_cluster_nis.png>
Package pdftex.def Info: figures/kalman_mid_64723_cluster_nis.png  used on input line 599.
(pdftex.def)             Requested size: 322.50346pt x 105.57404pt.
 [28 <./figures/kalman_mid_64723_optim_params.png> <./figures/kalman_mid_64723_optim_nis.png> <./figures/kalman_mid_64723_avg_nis.png> <./figures/kalman_mid_64723_cluster_nis.png>]
<figures/kalman_good_28885_optim_params.png, id=257, 2595.4566pt x 287.6346pt>
File: figures/kalman_good_28885_optim_params.png Graphic file (type png)
<use figures/kalman_good_28885_optim_params.png>
Package pdftex.def Info: figures/kalman_good_28885_optim_params.png  used on input line 605.
(pdftex.def)             Requested size: 421.40268pt x 46.69836pt.
<figures/kalman_good_28885_optim_nis.png, id=258, 860.013pt x 281.3712pt>
File: figures/kalman_good_28885_optim_nis.png Graphic file (type png)
<use figures/kalman_good_28885_optim_nis.png>
Package pdftex.def Info: figures/kalman_good_28885_optim_nis.png  used on input line 606.
(pdftex.def)             Requested size: 322.50346pt x 105.51393pt.
<figures/kalman_good_28885_avg_nis.png, id=259, 859.0494pt x 281.3712pt>
File: figures/kalman_good_28885_avg_nis.png Graphic file (type png)
<use figures/kalman_good_28885_avg_nis.png>
Package pdftex.def Info: figures/kalman_good_28885_avg_nis.png  used on input line 607.
(pdftex.def)             Requested size: 322.50346pt x 105.62985pt.
<figures/kalman_good_28885_cluster_nis.png, id=260, 859.0494pt x 281.3712pt>
File: figures/kalman_good_28885_cluster_nis.png Graphic file (type png)
<use figures/kalman_good_28885_cluster_nis.png>
Package pdftex.def Info: figures/kalman_good_28885_cluster_nis.png  used on input line 608.
(pdftex.def)             Requested size: 322.50346pt x 105.62985pt.
 [29 <./figures/kalman_good_28885_optim_params.png> <./figures/kalman_good_28885_optim_nis.png> <./figures/kalman_good_28885_avg_nis.png> <./figures/kalman_good_28885_cluster_nis.png>]
<figures/kalman_good1_optim_params.png, id=268, 2596.4202pt x 287.6346pt>
File: figures/kalman_good1_optim_params.png Graphic file (type png)
<use figures/kalman_good1_optim_params.png>
Package pdftex.def Info: figures/kalman_good1_optim_params.png  used on input line 612.
(pdftex.def)             Requested size: 421.40268pt x 46.6808pt.
<figures/kalman_good1_optim_nis.png, id=269, 859.0494pt x 281.3712pt>
File: figures/kalman_good1_optim_nis.png Graphic file (type png)
<use figures/kalman_good1_optim_nis.png>
Package pdftex.def Info: figures/kalman_good1_optim_nis.png  used on input line 613.
(pdftex.def)             Requested size: 322.50346pt x 105.62985pt.
<figures/kalman_good1_avg_nis.png, id=270, 860.013pt x 281.3712pt>
File: figures/kalman_good1_avg_nis.png Graphic file (type png)
<use figures/kalman_good1_avg_nis.png>
Package pdftex.def Info: figures/kalman_good1_avg_nis.png  used on input line 614.
(pdftex.def)             Requested size: 322.50346pt x 105.51393pt.
<figures/kalman_good1_cluster_nis.png, id=271, 860.013pt x 281.3712pt>
File: figures/kalman_good1_cluster_nis.png Graphic file (type png)
<use figures/kalman_good1_cluster_nis.png>
Package pdftex.def Info: figures/kalman_good1_cluster_nis.png  used on input line 615.
(pdftex.def)             Requested size: 322.50346pt x 105.51393pt.
 [30 <./figures/kalman_good1_optim_params.png> <./figures/kalman_good1_optim_nis.png> <./figures/kalman_good1_avg_nis.png> <./figures/kalman_good1_cluster_nis.png>]
<figures/kalman_good2_optim_params.png, id=279, 2594.9748pt x 287.6346pt>
File: figures/kalman_good2_optim_params.png Graphic file (type png)
<use figures/kalman_good2_optim_params.png>
Package pdftex.def Info: figures/kalman_good2_optim_params.png  used on input line 619.
(pdftex.def)             Requested size: 421.40268pt x 46.70714pt.
<figures/kalman_good2_optim_nis.png, id=280, 860.013pt x 281.3712pt>
File: figures/kalman_good2_optim_nis.png Graphic file (type png)
<use figures/kalman_good2_optim_nis.png>
Package pdftex.def Info: figures/kalman_good2_optim_nis.png  used on input line 620.
(pdftex.def)             Requested size: 322.50346pt x 105.51393pt.
<figures/kalman_good2_avg_nis.png, id=281, 859.0494pt x 281.3712pt>
File: figures/kalman_good2_avg_nis.png Graphic file (type png)
<use figures/kalman_good2_avg_nis.png>
Package pdftex.def Info: figures/kalman_good2_avg_nis.png  used on input line 621.
(pdftex.def)             Requested size: 322.50346pt x 105.62985pt.
<figures/kalman_good2_cluster_nis.png, id=282, 859.0494pt x 281.3712pt>
File: figures/kalman_good2_cluster_nis.png Graphic file (type png)
<use figures/kalman_good2_cluster_nis.png>
Package pdftex.def Info: figures/kalman_good2_cluster_nis.png  used on input line 622.
(pdftex.def)             Requested size: 322.50346pt x 105.62985pt.
 [31 <./figures/kalman_good2_optim_params.png> <./figures/kalman_good2_optim_nis.png> <./figures/kalman_good2_avg_nis.png> <./figures/kalman_good2_cluster_nis.png>]
<figures/kalman_good3_optim_params.png, id=291, 2596.4202pt x 287.6346pt>
File: figures/kalman_good3_optim_params.png Graphic file (type png)
<use figures/kalman_good3_optim_params.png>
Package pdftex.def Info: figures/kalman_good3_optim_params.png  used on input line 626.
(pdftex.def)             Requested size: 421.40268pt x 46.6808pt.
<figures/kalman_good3_optim_nis.png, id=292, 859.5312pt x 281.3712pt>
File: figures/kalman_good3_optim_nis.png Graphic file (type png)
<use figures/kalman_good3_optim_nis.png>
Package pdftex.def Info: figures/kalman_good3_optim_nis.png  used on input line 627.
(pdftex.def)             Requested size: 322.50346pt x 105.57404pt.
<figures/kalman_good3_avg_nis.png, id=293, 860.013pt x 281.3712pt>
File: figures/kalman_good3_avg_nis.png Graphic file (type png)
<use figures/kalman_good3_avg_nis.png>
Package pdftex.def Info: figures/kalman_good3_avg_nis.png  used on input line 628.
(pdftex.def)             Requested size: 322.50346pt x 105.51393pt.
<figures/kalman_good3_cluster_nis.png, id=294, 860.013pt x 281.3712pt>
File: figures/kalman_good3_cluster_nis.png Graphic file (type png)
<use figures/kalman_good3_cluster_nis.png>
Package pdftex.def Info: figures/kalman_good3_cluster_nis.png  used on input line 629.
(pdftex.def)             Requested size: 322.50346pt x 105.51393pt.
 [32 <./figures/kalman_good3_optim_params.png> <./figures/kalman_good3_optim_nis.png> <./figures/kalman_good3_avg_nis.png> <./figures/kalman_good3_cluster_nis.png>]
<figures/kalman_perfect2_optim_params.png, id=302, 2594.9748pt x 287.6346pt>
File: figures/kalman_perfect2_optim_params.png Graphic file (type png)
<use figures/kalman_perfect2_optim_params.png>
Package pdftex.def Info: figures/kalman_perfect2_optim_params.png  used on input line 636.
(pdftex.def)             Requested size: 421.40268pt x 46.70714pt.
<figures/kalman_perfect2_optim_nis.png, id=303, 859.0494pt x 281.3712pt>
File: figures/kalman_perfect2_optim_nis.png Graphic file (type png)
<use figures/kalman_perfect2_optim_nis.png>
Package pdftex.def Info: figures/kalman_perfect2_optim_nis.png  used on input line 637.
(pdftex.def)             Requested size: 322.50346pt x 105.62985pt.
<figures/kalman_perfect2_avg_nis.png, id=304, 860.013pt x 281.3712pt>
File: figures/kalman_perfect2_avg_nis.png Graphic file (type png)
<use figures/kalman_perfect2_avg_nis.png>
Package pdftex.def Info: figures/kalman_perfect2_avg_nis.png  used on input line 638.
(pdftex.def)             Requested size: 322.50346pt x 105.51393pt.
<figures/kalman_perfect2_cluster_nis.png, id=305, 859.5312pt x 281.3712pt>
File: figures/kalman_perfect2_cluster_nis.png Graphic file (type png)
<use figures/kalman_perfect2_cluster_nis.png>
Package pdftex.def Info: figures/kalman_perfect2_cluster_nis.png  used on input line 639.
(pdftex.def)             Requested size: 322.50346pt x 105.57404pt.
 [33 <./figures/kalman_perfect2_optim_params.png> <./figures/kalman_perfect2_optim_nis.png> <./figures/kalman_perfect2_avg_nis.png> <./figures/kalman_perfect2_cluster_nis.png>]
<figures/kalman_perfect3_optim_params.png, id=313, 2595.9384pt x 287.6346pt>
File: figures/kalman_perfect3_optim_params.png Graphic file (type png)
<use figures/kalman_perfect3_optim_params.png>
Package pdftex.def Info: figures/kalman_perfect3_optim_params.png  used on input line 643.
(pdftex.def)             Requested size: 421.40268pt x 46.68959pt.
<figures/kalman_perfect3_optim_nis.png, id=314, 859.5312pt x 281.3712pt>
File: figures/kalman_perfect3_optim_nis.png Graphic file (type png)
<use figures/kalman_perfect3_optim_nis.png>
Package pdftex.def Info: figures/kalman_perfect3_optim_nis.png  used on input line 644.
(pdftex.def)             Requested size: 322.50346pt x 105.57404pt.
<figures/kalman_perfect3_avg_nis.png, id=315, 860.013pt x 281.3712pt>
File: figures/kalman_perfect3_avg_nis.png Graphic file (type png)
<use figures/kalman_perfect3_avg_nis.png>
Package pdftex.def Info: figures/kalman_perfect3_avg_nis.png  used on input line 645.
(pdftex.def)             Requested size: 322.50346pt x 105.51393pt.
<figures/kalman_perfect3_cluster_nis.png, id=316, 860.013pt x 281.3712pt>
File: figures/kalman_perfect3_cluster_nis.png Graphic file (type png)
<use figures/kalman_perfect3_cluster_nis.png>
Package pdftex.def Info: figures/kalman_perfect3_cluster_nis.png  used on input line 646.
(pdftex.def)             Requested size: 322.50346pt x 105.51393pt.
 [34 <./figures/kalman_perfect3_optim_params.png> <./figures/kalman_perfect3_optim_nis.png> <./figures/kalman_perfect3_avg_nis.png> <./figures/kalman_perfect3_cluster_nis.png>]
<figures/kalman_f1_comparison_configs.png, id=324, 498.663pt x 280.8894pt>
File: figures/kalman_f1_comparison_configs.png Graphic file (type png)
<use figures/kalman_f1_comparison_configs.png>
Package pdftex.def Info: figures/kalman_f1_comparison_configs.png  used on input line 654.
(pdftex.def)             Requested size: 322.50346pt x 181.66302pt.
<figures/kalman_f1_comparison_configs_good_only.png, id=325, 711.6186pt x 280.8894pt>
File: figures/kalman_f1_comparison_configs_good_only.png Graphic file (type png)
<use figures/kalman_f1_comparison_configs_good_only.png>
Package pdftex.def Info: figures/kalman_f1_comparison_configs_good_only.png  used on input line 655.
(pdftex.def)             Requested size: 322.50346pt x 127.29912pt.
 [35 <./figures/kalman_f1_comparison_configs.png> <./figures/kalman_f1_comparison_configs_good_only.png>] [36] (./rapport_draft.aux)
 ***********
LaTeX2e <2025-11-01>
L3 programming layer <2026-01-19>
 ***********
 ) 
Here is how much of TeX's memory you used:
 18337 strings out of 467533
 386159 string characters out of 5422138
 748077 words of memory out of 5000000
 46905 multiletter control sequences out of 15000+600000
 691906 words of font info for 92 fonts, out of 8000000 for 9000
 1141 hyphenation exceptions out of 8191
 102i,7n,107p,539b,385s stack positions out of 10000i,1000n,20000p,200000b,200000s
</usr/share/texmf/fonts/type1/public/lm/lmbx10.pfb></usr/share/texmf/fonts/type1/public/lm/lmbx12.pfb></usr/share/texmf/fonts/type1/public/lm/lmbx9.pfb></usr/share/texmf/fonts/type1/public/lm/lmex10.pfb></usr/share/texmf/fonts/type1/public/lm/lmmi10.pfb></usr/share/texmf/fonts/type1/public/lm/lmmi7.pfb></usr/share/texmf/fonts/type1/public/lm/lmr10.pfb></usr/share/texmf/fonts/type1/public/lm/lmr12.pfb></usr/share/texmf/fonts/type1/public/lm/lmr17.pfb></usr/share/texmf/fonts/type1/public/lm/lmr5.pfb></usr/share/texmf/fonts/type1/public/lm/lmr7.pfb></usr/share/texmf/fonts/type1/public/lm/lmr9.pfb></usr/share/texmf/fonts/type1/public/lm/lmri10.pfb></usr/share/texmf/fonts/type1/public/lm/lmsy10.pfb></usr/share/texmf/fonts/type1/public/lm/lmsy7.pfb></usr/share/texmf/fonts/type1/public/lm/lmtt10.pfb></usr/share/texlive/texmf-dist/fonts/type1/public/amsfonts/symbols/msbm10.pfb>
Output written on rapport_draft.pdf (36 pages, 11424653 bytes).
PDF statistics:
 418 PDF objects out of 1000 (max. 8388607)
 147 compressed objects within 2 object streams
 0 named destinations out of 1000 (max. 500000)
 498 words of extra memory for PDF output out of 10000 (max. 10000000)

